2026-04-03 13:44:44,600 [INFO] === ドット絵変換開始 ===
2026-04-03 13:44:44,600 [INFO] 設定: 色数=32, ドットサイズ=2, ディザリング=なし
2026-04-03 13:44:44,636 [INFO] 入力画像: C:\Users\ugu00\Downloads\ganyu.png (115×108, RGBA)
2026-04-03 13:44:44,636 [INFO] カラーモードをRGBに変換しました
2026-04-03 13:44:44,638 [INFO] リサイズ完了: 320×240px
2026-04-03 13:44:44,638 [INFO] ピクセル化完了: ドットサイズ=2px (160×120ドット)
2026-04-03 13:44:44,649 [INFO] 減色完了: 32色 (ディザリング: なし)
2026-04-03 13:44:44,651 [INFO] BMP保存: ganyu_dotart.bmp (230,454 bytes)
2026-04-03 13:44:44,654 [INFO] PNG保存: ganyu_dotart.png (11,620 bytes)
2026-04-03 13:44:44,654 [INFO] === 変換完了 ===
2026-04-03 13:55:21,439 [INFO] === ドット絵変換開始 ===
2026-04-03 13:55:21,439 [INFO] 設定: 色数=32, ドットサイズ=2, ディザリング=なし
2026-04-03 13:55:21,476 [INFO] 入力画像: C:\Users\ugu00\Downloads\ganyu.png (461×556, RGBA)
2026-04-03 13:55:21,477 [INFO] カラーモードをRGBに変換しました
2026-04-03 13:55:21,480 [INFO] リサイズ完了: 320×240px
2026-04-03 13:55:21,481 [INFO] ピクセル化完了: ドットサイズ=2px (160×120ドット)
2026-04-03 13:55:21,491 [INFO] 減色完了: 32色 (ディザリング: なし)
2026-04-03 13:55:21,492 [INFO] BMP保存: ganyu_dotart.bmp (230,454 bytes)
2026-04-03 13:55:21,495 [INFO] PNG保存: ganyu_dotart.png (18,730 bytes)
2026-04-03 13:55:21,495 [INFO] === 変換完了 ===
2026-04-03 13:57:59,292 [INFO] === ドット絵変換開始 ===
2026-04-03 13:57:59,292 [INFO] 設定: 色数=32, ドットサイズ=2, ディザリング=なし
2026-04-03 13:57:59,329 [INFO] 入力画像: ganyu_face_crop.png (340×290, RGB)
2026-04-03 13:57:59,331 [INFO] リサイズ完了: 320×240px
2026-04-03 13:57:59,332 [INFO] ピクセル化完了: ドットサイズ=2px (160×120ドット)
2026-04-03 13:57:59,342 [INFO] 減色完了: 32色 (ディザリング: なし)
2026-04-03 13:57:59,344 [INFO] BMP保存: ganyu_face.bmp (230,454 bytes)
2026-04-03 13:57:59,347 [INFO] PNG保存: ganyu_face.png (18,589 bytes)
2026-04-03 13:57:59,347 [INFO] === 変換完了 ===
2026-04-03 14:00:02,594 [INFO] === ドット絵変換開始 ===
2026-04-03 14:00:02,594 [INFO] 設定: 色数=32, ドットサイズ=2, ディザリング=なし
2026-04-03 14:00:02,631 [INFO] 入力画像: ganyu_bust_crop.png (480×360, RGB)
2026-04-03 14:00:02,634 [INFO] リサイズ完了: 320×240px
2026-04-03 14:00:02,635 [INFO] ピクセル化完了: ドットサイズ=2px (160×120ドット)
2026-04-03 14:00:02,645 [INFO] 減色完了: 32色 (ディザリング: なし)
2026-04-03 14:00:02,647 [INFO] BMP保存: ganyu_bust.bmp (230,454 bytes)
2026-04-03 14:00:02,651 [INFO] PNG保存: ganyu_bust.png (16,728 bytes)
2026-04-03 14:00:02,651 [INFO] === 変換完了 ===
2026-04-03 14:01:07,543 [INFO] === ドット絵変換開始 ===
2026-04-03 14:01:07,543 [INFO] 設定: 色数=16, ドットサイズ=4, ディザリング=なし
2026-04-03 14:01:07,581 [INFO] 入力画像: ganyu_bust_crop.png (480×360, RGB)
2026-04-03 14:01:07,584 [INFO] リサイズ完了: 320×240px
2026-04-03 14:01:07,584 [INFO] ピクセル化完了: ドットサイズ=4px (80×60ドット)
2026-04-03 14:01:07,589 [INFO] 減色完了: 16色 (ディザリング: なし)
2026-04-03 14:01:07,591 [INFO] BMP保存: ganyu_dotart_pixel.bmp (230,454 bytes)
2026-04-03 14:01:07,593 [INFO] PNG保存: ganyu_dotart_pixel.png (5,705 bytes)
2026-04-03 14:01:07,593 [INFO] === 変換完了 ===
