2026-04-15 20:11:00,413 [INFO] ======================================================================
2026-04-15 20:11:00,413 [INFO] DCASE 2026 Task 2 Bearing ベースライン 開始
2026-04-15 20:11:00,413 [INFO] ======================================================================
2026-04-15 20:11:00,413 [INFO] ============================================================
2026-04-15 20:11:00,413 [INFO] Step 1: データ読み込みと可視化
2026-04-15 20:11:00,413 [INFO] ============================================================
2026-04-15 20:11:00,413 [WARNING] dev_Bearing が見つかりません。合成データを生成します。
2026-04-15 20:11:00,414 [INFO] 合成データ生成開始: C:\Users\ugu00\my-secretary\dcase2026_baseline\synthetic_data
2026-04-15 20:11:02,441 [INFO] 合成データ生成完了: train=100, test=40
2026-04-15 20:11:02,444 [INFO] 学習ファイル数: 100
2026-04-15 20:11:02,444 [INFO] テスト正常: 20件
2026-04-15 20:11:02,444 [INFO] テスト異常: 20件
2026-04-15 20:11:21,734 [INFO] 比較プロット保存: C:\Users\ugu00\my-secretary\dcase2026_baseline\output\step1_comparison.png
2026-04-15 20:11:21,735 [INFO] ============================================================
2026-04-15 20:11:21,735 [INFO] Step 2: 特徴量抽出
2026-04-15 20:11:21,735 [INFO] ============================================================
2026-04-15 20:11:21,735 [INFO] 設定: n_mels=128, n_frames=5, input_dim=640
2026-04-15 20:11:22,916 [INFO] 学習用特徴量shape: (30900, 640)
2026-04-15 20:11:22,916 [INFO] ============================================================
2026-04-15 20:11:22,916 [INFO] Step 3: オートエンコーダー学習
2026-04-15 20:11:22,916 [INFO] ============================================================
2026-04-15 20:11:23,375 [INFO] 学習デバイス: cuda
2026-04-15 20:11:27,600 [INFO] Epoch 1/50: train_loss=0.955956 val_loss=0.935970
2026-04-15 20:11:31,349 [INFO] Epoch 5/50: train_loss=0.897009 val_loss=0.902594
2026-04-15 20:11:35,957 [INFO] Epoch 10/50: train_loss=0.881410 val_loss=0.892313
2026-04-15 20:11:40,694 [INFO] Epoch 15/50: train_loss=0.871204 val_loss=0.890832
2026-04-15 20:11:43,492 [INFO] Early Stopping at epoch 18
2026-04-15 20:11:43,495 [INFO] 学習完了: best_val_loss=0.889699
2026-04-15 20:11:43,526 [INFO] モデル保存: C:\Users\ugu00\my-secretary\dcase2026_baseline\output
2026-04-15 20:11:43,526 [INFO] ============================================================
2026-04-15 20:11:43,526 [INFO] Step 4: 異常スコア計算
2026-04-15 20:11:43,526 [INFO] ============================================================
2026-04-15 20:11:43,526 [INFO] 正常20件のスコア算出中...
2026-04-15 20:11:43,897 [INFO] 異常20件のスコア算出中...
2026-04-15 20:11:44,230 [INFO] スコア算出完了: 正常平均=0.889707, 異常平均=11.507992
2026-04-15 20:11:44,230 [INFO] ============================================================
2026-04-15 20:11:44,230 [INFO] Step 5: AUC-ROC評価
2026-04-15 20:11:44,230 [INFO] ============================================================
2026-04-15 20:11:44,235 [INFO] AUC-ROC:     1.0000
2026-04-15 20:11:44,235 [INFO] Partial AUC: 1.0000 (FPR <= 0.1)
2026-04-15 20:11:44,469 [INFO] ROC曲線保存: C:\Users\ugu00\my-secretary\dcase2026_baseline\output\step5_roc_curve.png
2026-04-15 20:11:44,796 [INFO] スコア分布保存: C:\Users\ugu00\my-secretary\dcase2026_baseline\output\step5_score_dist.png
2026-04-15 20:11:44,797 [INFO] 結果CSV保存: C:\Users\ugu00\my-secretary\dcase2026_baseline\output\step5_scores.csv
2026-04-15 20:11:44,797 [INFO] ======================================================================
2026-04-15 20:11:44,797 [INFO] 最終結果サマリー
2026-04-15 20:11:44,798 [INFO] ======================================================================
2026-04-15 20:11:44,798 [INFO] AUC-ROC:         1.0000
2026-04-15 20:11:44,798 [INFO] Partial AUC:     1.0000
2026-04-15 20:11:44,798 [INFO] 正常スコア平均:  0.889707
2026-04-15 20:11:44,798 [INFO] 異常スコア平均:  11.507992
2026-04-15 20:11:44,798 [INFO] スコア差(分離度):10.618286
2026-04-15 20:11:44,798 [INFO] 出力先:          C:\Users\ugu00\my-secretary\dcase2026_baseline\output
2026-04-15 20:30:00,182 [INFO] ======================================================================
2026-04-15 20:30:00,182 [INFO] DCASE 2026 Task 2 Bearing ベースライン 開始
2026-04-15 20:30:00,182 [INFO] ======================================================================
2026-04-15 20:30:00,182 [INFO] ============================================================
2026-04-15 20:30:00,182 [INFO] Step 1: データ読み込みと可視化
2026-04-15 20:30:00,182 [INFO] ============================================================
2026-04-15 20:30:00,182 [INFO] 実データを使用: dev_Bearing
2026-04-15 20:30:00,191 [INFO] 学習ファイル数: 1000
2026-04-15 20:30:00,191 [INFO] テスト正常: 100件
2026-04-15 20:30:00,191 [INFO] テスト異常: 100件
2026-04-15 20:30:04,263 [INFO] 比較プロット保存: C:\Users\ugu00\my-secretary\dcase2026_baseline\output\step1_comparison.png
2026-04-15 20:30:04,263 [INFO] ============================================================
2026-04-15 20:30:04,263 [INFO] Step 2: 特徴量抽出
2026-04-15 20:30:04,263 [INFO] ============================================================
2026-04-15 20:30:04,263 [INFO] 設定: n_mels=128, n_frames=5, input_dim=640
2026-04-15 20:30:20,045 [INFO] 学習用特徴量shape: (309000, 640)
2026-04-15 20:30:20,045 [INFO] ============================================================
2026-04-15 20:30:20,045 [INFO] Step 3: オートエンコーダー学習
2026-04-15 20:30:20,045 [INFO] ============================================================
2026-04-15 20:30:23,440 [INFO] 学習デバイス: cuda
2026-04-15 20:30:34,781 [INFO] Epoch 1/50: train_loss=0.513134 val_loss=0.484708
2026-04-15 20:31:10,692 [INFO] Epoch 5/50: train_loss=0.452506 val_loss=0.449425
2026-04-15 20:31:55,948 [INFO] Epoch 10/50: train_loss=0.441441 val_loss=0.439660
2026-04-15 20:32:40,630 [INFO] Epoch 15/50: train_loss=0.435050 val_loss=0.434648
2026-04-15 20:33:25,862 [INFO] Epoch 20/50: train_loss=0.430192 val_loss=0.430286
2026-04-15 20:34:11,890 [INFO] Epoch 25/50: train_loss=0.425543 val_loss=0.425773
2026-04-15 20:34:57,702 [INFO] Epoch 30/50: train_loss=0.422538 val_loss=0.423428
2026-04-15 20:35:42,599 [INFO] Epoch 35/50: train_loss=0.420775 val_loss=0.421734
2026-04-15 20:36:28,258 [INFO] Epoch 40/50: train_loss=0.419052 val_loss=0.419963
2026-04-15 20:37:12,913 [INFO] Epoch 45/50: train_loss=0.417980 val_loss=0.418818
2026-04-15 20:37:59,185 [INFO] Epoch 50/50: train_loss=0.416632 val_loss=0.417761
2026-04-15 20:37:59,188 [INFO] 学習完了: best_val_loss=0.417761
2026-04-15 20:37:59,287 [INFO] モデル保存: C:\Users\ugu00\my-secretary\dcase2026_baseline\output
2026-04-15 20:37:59,287 [INFO] ============================================================
2026-04-15 20:37:59,287 [INFO] Step 4: 異常スコア計算
2026-04-15 20:37:59,287 [INFO] ============================================================
2026-04-15 20:37:59,287 [INFO] 正常100件のスコア算出中...
2026-04-15 20:38:01,419 [INFO] 異常100件のスコア算出中...
2026-04-15 20:38:03,689 [INFO] スコア算出完了: 正常平均=0.425819, 異常平均=0.451271
2026-04-15 20:38:03,689 [INFO] ============================================================
2026-04-15 20:38:03,689 [INFO] Step 5: AUC-ROC評価
2026-04-15 20:38:03,689 [INFO] ============================================================
2026-04-15 20:38:03,694 [INFO] AUC-ROC:     0.5659
2026-04-15 20:38:03,694 [INFO] Partial AUC: 0.5732 (FPR <= 0.1)
2026-04-15 20:38:03,953 [INFO] ROC曲線保存: C:\Users\ugu00\my-secretary\dcase2026_baseline\output\step5_roc_curve.png
2026-04-15 20:38:04,286 [INFO] スコア分布保存: C:\Users\ugu00\my-secretary\dcase2026_baseline\output\step5_score_dist.png
2026-04-15 20:38:04,287 [INFO] 結果CSV保存: C:\Users\ugu00\my-secretary\dcase2026_baseline\output\step5_scores.csv
2026-04-15 20:38:04,287 [INFO] ======================================================================
2026-04-15 20:38:04,288 [INFO] 最終結果サマリー
2026-04-15 20:38:04,288 [INFO] ======================================================================
2026-04-15 20:38:04,288 [INFO] AUC-ROC:         0.5659
2026-04-15 20:38:04,288 [INFO] Partial AUC:     0.5732
2026-04-15 20:38:04,288 [INFO] 正常スコア平均:  0.425819
2026-04-15 20:38:04,288 [INFO] 異常スコア平均:  0.451271
2026-04-15 20:38:04,288 [INFO] スコア差(分離度):0.025452
2026-04-15 20:38:04,288 [INFO] 出力先:          C:\Users\ugu00\my-secretary\dcase2026_baseline\output
2026-04-15 20:47:36,496 [INFO] ======================================================================
2026-04-15 20:47:36,496 [INFO] DCASE 2026 Task 2 Bearing ベースライン 開始
2026-04-15 20:47:36,496 [INFO] ======================================================================
2026-04-15 20:47:36,496 [INFO] ============================================================
2026-04-15 20:47:36,496 [INFO] Step 1: データ読み込みと可視化
2026-04-15 20:47:36,496 [INFO] ============================================================
2026-04-15 20:47:36,496 [INFO] 実データを使用: dev_Bearing
2026-04-15 20:47:36,505 [INFO] 学習ファイル数: 1000
2026-04-15 20:47:36,505 [INFO] テスト正常: 100件
2026-04-15 20:47:36,505 [INFO] テスト異常: 100件
2026-04-15 20:47:39,405 [INFO] 比較プロット保存: C:\Users\ugu00\my-secretary\dcase2026_baseline\output\step1_comparison.png
2026-04-15 20:47:39,405 [INFO] ============================================================
2026-04-15 20:47:39,405 [INFO] Step 2: 2Dパッチ抽出（CNN用）
2026-04-15 20:47:39,405 [INFO] ============================================================
2026-04-15 20:47:39,405 [INFO] 設定: patch_mels=128, patch_frames=64, stride=32
2026-04-15 20:47:47,613 [INFO] 学習用パッチshape: (8000, 128, 64)
2026-04-15 20:47:47,613 [INFO] ============================================================
2026-04-15 20:47:47,613 [INFO] Step 3: MobileNetV2ベース CNN AutoEncoder学習
2026-04-15 20:47:47,613 [INFO] ============================================================
2026-04-15 20:47:48,926 [INFO] 学習デバイス: cpu
2026-04-15 20:47:48,926 [INFO] 学習パッチ数: 7200, 検証パッチ数: 800
2026-04-15 20:49:04,987 [INFO] Epoch 1/30: train_loss=1.055908 val_loss=0.939878 lr=9.97e-05
2026-04-15 20:50:20,373 [INFO] Epoch 2/30: train_loss=0.828498 val_loss=0.732128 lr=9.89e-05
2026-04-15 20:51:37,242 [INFO] Epoch 3/30: train_loss=0.707997 val_loss=0.676539 lr=9.76e-05
2026-04-15 20:52:50,778 [INFO] Epoch 4/30: train_loss=0.667594 val_loss=0.648028 lr=9.57e-05
2026-04-15 20:54:05,328 [INFO] Epoch 5/30: train_loss=0.641657 val_loss=0.629000 lr=9.33e-05
2026-04-15 20:55:19,885 [INFO] Epoch 6/30: train_loss=0.620501 val_loss=0.608072 lr=9.05e-05
2026-04-15 20:56:33,675 [INFO] Epoch 7/30: train_loss=0.605373 val_loss=0.596256 lr=8.72e-05
2026-04-15 20:57:47,599 [INFO] Epoch 8/30: train_loss=0.591705 val_loss=0.586573 lr=8.35e-05
2026-04-15 20:58:57,585 [INFO] Epoch 9/30: train_loss=0.582887 val_loss=0.576409 lr=7.94e-05
2026-04-15 21:00:07,167 [INFO] Epoch 10/30: train_loss=0.574022 val_loss=0.572490 lr=7.50e-05
2026-04-15 21:01:23,143 [INFO] Epoch 11/30: train_loss=0.567065 val_loss=0.567558 lr=7.03e-05
2026-04-15 21:02:40,118 [INFO] Epoch 12/30: train_loss=0.561491 val_loss=0.560957 lr=6.55e-05
2026-04-15 21:03:53,489 [INFO] Epoch 13/30: train_loss=0.557180 val_loss=0.558081 lr=6.04e-05
2026-04-15 21:05:05,821 [INFO] Epoch 14/30: train_loss=0.553197 val_loss=0.554203 lr=5.52e-05
2026-04-15 21:06:23,301 [INFO] Epoch 15/30: train_loss=0.550241 val_loss=0.551984 lr=5.00e-05
2026-04-15 21:07:37,097 [INFO] Epoch 16/30: train_loss=0.546881 val_loss=0.549825 lr=4.48e-05
2026-04-15 21:08:48,534 [INFO] Epoch 17/30: train_loss=0.544133 val_loss=0.547452 lr=3.96e-05
2026-04-15 21:09:59,536 [INFO] Epoch 18/30: train_loss=0.541208 val_loss=0.545795 lr=3.45e-05
2026-04-15 21:11:11,248 [INFO] Epoch 19/30: train_loss=0.538364 val_loss=0.545522 lr=2.97e-05
2026-04-15 21:12:15,493 [INFO] Epoch 20/30: train_loss=0.537142 val_loss=0.543036 lr=2.50e-05
2026-04-15 21:13:20,284 [INFO] Epoch 21/30: train_loss=0.535930 val_loss=0.543351 lr=2.06e-05
2026-04-15 21:14:25,761 [INFO] Epoch 22/30: train_loss=0.534343 val_loss=0.540834 lr=1.65e-05
2026-04-15 21:15:31,528 [INFO] Epoch 23/30: train_loss=0.533604 val_loss=0.541013 lr=1.28e-05
2026-04-15 21:16:36,914 [INFO] Epoch 24/30: train_loss=0.531833 val_loss=0.540331 lr=9.55e-06
2026-04-15 21:17:44,932 [INFO] Epoch 25/30: train_loss=0.531836 val_loss=0.539603 lr=6.70e-06
2026-04-15 21:18:50,962 [INFO] Epoch 26/30: train_loss=0.530456 val_loss=0.539234 lr=4.32e-06
2026-04-15 21:19:57,651 [INFO] Epoch 27/30: train_loss=0.530090 val_loss=0.539119 lr=2.45e-06
2026-04-15 21:21:04,297 [INFO] Epoch 28/30: train_loss=0.530158 val_loss=0.539099 lr=1.09e-06
2026-04-15 21:22:11,312 [INFO] Epoch 29/30: train_loss=0.529911 val_loss=0.539034 lr=2.74e-07
2026-04-15 21:23:17,079 [INFO] Epoch 30/30: train_loss=0.529774 val_loss=0.538886 lr=0.00e+00
2026-04-15 21:23:17,090 [INFO] 学習完了: best_val_loss=0.538886
2026-04-15 21:23:17,219 [INFO] モデル保存: C:\Users\ugu00\my-secretary\dcase2026_baseline\output
2026-04-15 21:23:17,219 [INFO] ============================================================
2026-04-15 21:23:17,219 [INFO] Step 4: 異常スコア計算（CNN版）
2026-04-15 21:23:17,219 [INFO] ============================================================
2026-04-15 21:23:17,219 [INFO] 正常100件のスコア算出中...
2026-04-15 21:23:20,671 [INFO] 異常100件のスコア算出中...
2026-04-15 21:23:24,149 [INFO] スコア算出完了: 正常平均=0.556794, 異常平均=0.583181
2026-04-15 21:23:24,149 [INFO] ============================================================
2026-04-15 21:23:24,149 [INFO] Step 5: AUC-ROC評価
2026-04-15 21:23:24,150 [INFO] ============================================================
2026-04-15 21:23:24,155 [INFO] AUC-ROC:     0.5482
2026-04-15 21:23:24,155 [INFO] Partial AUC: 0.5353 (FPR <= 0.1)
2026-04-15 21:23:24,407 [INFO] ROC曲線保存: C:\Users\ugu00\my-secretary\dcase2026_baseline\output\step5_roc_curve.png
2026-04-15 21:23:24,681 [INFO] スコア分布保存: C:\Users\ugu00\my-secretary\dcase2026_baseline\output\step5_score_dist.png
2026-04-15 21:23:24,682 [INFO] 結果CSV保存: C:\Users\ugu00\my-secretary\dcase2026_baseline\output\step5_scores.csv
2026-04-15 21:23:24,683 [INFO] ======================================================================
2026-04-15 21:23:24,683 [INFO] 最終結果サマリー
2026-04-15 21:23:24,683 [INFO] ======================================================================
2026-04-15 21:23:24,683 [INFO] AUC-ROC:         0.5482
2026-04-15 21:23:24,683 [INFO] Partial AUC:     0.5353
2026-04-15 21:23:24,683 [INFO] 正常スコア平均:  0.556794
2026-04-15 21:23:24,683 [INFO] 異常スコア平均:  0.583181
2026-04-15 21:23:24,683 [INFO] スコア差(分離度):0.026387
2026-04-15 21:23:24,683 [INFO] 出力先:          C:\Users\ugu00\my-secretary\dcase2026_baseline\output
2026-04-17 18:01:31,400 [INFO] ======================================================================
2026-04-17 18:01:31,401 [INFO] DCASE 2026 Task 2 Bearing ベースライン 開始
2026-04-17 18:01:31,401 [INFO] ======================================================================
2026-04-17 18:01:31,401 [INFO] ============================================================
2026-04-17 18:01:31,401 [INFO] Step 1: データ読み込みと可視化
2026-04-17 18:01:31,401 [INFO] ============================================================
2026-04-17 18:01:31,401 [INFO] 実データを使用: dev_Bearing
2026-04-17 18:01:31,411 [INFO] 学習ファイル数: 1000
2026-04-17 18:01:31,412 [INFO] テスト正常: 100件
2026-04-17 18:01:31,412 [INFO] テスト異常: 100件
2026-04-17 18:01:38,053 [INFO] 比較プロット保存: C:\Users\ugu00\my-secretary\dcase2026_baseline\output\step1_comparison.png
2026-04-17 18:01:38,053 [INFO] ============================================================
2026-04-17 18:01:38,053 [INFO] Step 2: 2Dパッチ抽出（CNN用）
2026-04-17 18:01:38,053 [INFO] ============================================================
2026-04-17 18:01:38,053 [INFO] 設定: patch_mels=128, patch_frames=64, stride=32
2026-04-17 18:01:57,162 [INFO] 学習用パッチshape: (8000, 128, 64)
2026-04-17 18:01:57,162 [INFO] ============================================================
2026-04-17 18:01:57,162 [INFO] Step 3: MobileNetV2ベース CNN AutoEncoder学習
2026-04-17 18:01:57,162 [INFO] ============================================================
2026-04-17 18:01:58,814 [INFO] 学習デバイス: cpu
2026-04-17 18:01:58,814 [INFO] 学習パッチ数: 7200, 検証パッチ数: 800
2026-04-17 18:03:23,122 [INFO] Epoch 1/30: train_loss=1.055908 val_loss=0.939878 lr=9.97e-05
2026-04-17 18:04:46,500 [INFO] Epoch 2/30: train_loss=0.828498 val_loss=0.732128 lr=9.89e-05
2026-04-17 18:06:09,126 [INFO] Epoch 3/30: train_loss=0.707997 val_loss=0.676539 lr=9.76e-05
2026-04-17 18:07:29,958 [INFO] Epoch 4/30: train_loss=0.667594 val_loss=0.648028 lr=9.57e-05
2026-04-17 18:08:46,524 [INFO] Epoch 5/30: train_loss=0.641657 val_loss=0.629000 lr=9.33e-05
2026-04-17 18:10:01,318 [INFO] Epoch 6/30: train_loss=0.620501 val_loss=0.608072 lr=9.05e-05
2026-04-17 18:11:20,155 [INFO] Epoch 7/30: train_loss=0.605373 val_loss=0.596256 lr=8.72e-05
2026-04-17 18:12:35,994 [INFO] Epoch 8/30: train_loss=0.591705 val_loss=0.586573 lr=8.35e-05
2026-04-17 18:13:50,336 [INFO] Epoch 9/30: train_loss=0.582887 val_loss=0.576409 lr=7.94e-05
2026-04-17 18:15:06,588 [INFO] Epoch 10/30: train_loss=0.574022 val_loss=0.572490 lr=7.50e-05
2026-04-17 18:16:20,900 [INFO] Epoch 11/30: train_loss=0.567065 val_loss=0.567558 lr=7.03e-05
2026-04-17 18:17:36,900 [INFO] Epoch 12/30: train_loss=0.561491 val_loss=0.560957 lr=6.55e-05
2026-04-17 18:18:55,712 [INFO] Epoch 13/30: train_loss=0.557180 val_loss=0.558081 lr=6.04e-05
2026-04-17 18:20:13,302 [INFO] Epoch 14/30: train_loss=0.553197 val_loss=0.554203 lr=5.52e-05
2026-04-17 18:21:28,981 [INFO] Epoch 15/30: train_loss=0.550241 val_loss=0.551984 lr=5.00e-05
2026-04-17 18:22:44,627 [INFO] Epoch 16/30: train_loss=0.546881 val_loss=0.549825 lr=4.48e-05
2026-04-17 18:23:59,630 [INFO] Epoch 17/30: train_loss=0.544133 val_loss=0.547452 lr=3.96e-05
2026-04-17 18:25:14,861 [INFO] Epoch 18/30: train_loss=0.541208 val_loss=0.545795 lr=3.45e-05
2026-04-17 18:26:29,648 [INFO] Epoch 19/30: train_loss=0.538364 val_loss=0.545522 lr=2.97e-05
2026-04-17 18:27:46,323 [INFO] Epoch 20/30: train_loss=0.537142 val_loss=0.543036 lr=2.50e-05
2026-04-17 18:29:03,657 [INFO] Epoch 21/30: train_loss=0.535930 val_loss=0.543351 lr=2.06e-05
2026-04-17 18:30:20,510 [INFO] Epoch 22/30: train_loss=0.534343 val_loss=0.540834 lr=1.65e-05
2026-04-17 18:31:37,066 [INFO] Epoch 23/30: train_loss=0.533604 val_loss=0.541013 lr=1.28e-05
2026-04-17 18:32:53,043 [INFO] Epoch 24/30: train_loss=0.531833 val_loss=0.540331 lr=9.55e-06
2026-04-17 18:34:08,257 [INFO] Epoch 25/30: train_loss=0.531836 val_loss=0.539603 lr=6.70e-06
2026-04-17 18:35:27,263 [INFO] Epoch 26/30: train_loss=0.530456 val_loss=0.539234 lr=4.32e-06
2026-04-17 18:36:43,721 [INFO] Epoch 27/30: train_loss=0.530090 val_loss=0.539119 lr=2.45e-06
2026-04-17 18:38:00,143 [INFO] Epoch 28/30: train_loss=0.530158 val_loss=0.539099 lr=1.09e-06
2026-04-17 18:39:15,266 [INFO] Epoch 29/30: train_loss=0.529911 val_loss=0.539034 lr=2.74e-07
2026-04-17 18:40:26,757 [INFO] Epoch 30/30: train_loss=0.529774 val_loss=0.538886 lr=0.00e+00
2026-04-17 18:40:26,769 [INFO] 学習完了: best_val_loss=0.538886
2026-04-17 18:40:26,886 [INFO] モデル保存: C:\Users\ugu00\my-secretary\dcase2026_baseline\output
2026-04-17 18:40:26,886 [INFO] ============================================================
2026-04-17 18:40:26,886 [INFO] Step 4: 異常スコア計算（CNN版）
2026-04-17 18:40:26,886 [INFO] ============================================================
2026-04-17 18:40:26,886 [INFO] 正常100件のスコア算出中...
2026-04-17 18:40:31,504 [INFO] 異常100件のスコア算出中...
2026-04-17 18:40:36,096 [INFO] スコア算出完了: 正常平均=0.556794, 異常平均=0.583181
2026-04-17 18:40:36,097 [INFO] ============================================================
2026-04-17 18:40:36,097 [INFO] Step 5: AUC-ROC評価
2026-04-17 18:40:36,097 [INFO] ============================================================
2026-04-17 18:40:36,109 [INFO] AUC-ROC:     0.5482
2026-04-17 18:40:36,109 [INFO] Partial AUC: 0.5353 (FPR <= 0.1)
2026-04-17 18:40:36,411 [INFO] ROC曲線保存: C:\Users\ugu00\my-secretary\dcase2026_baseline\output\step5_roc_curve.png
2026-04-17 18:40:36,747 [INFO] スコア分布保存: C:\Users\ugu00\my-secretary\dcase2026_baseline\output\step5_score_dist.png
2026-04-17 18:40:36,748 [INFO] 結果CSV保存: C:\Users\ugu00\my-secretary\dcase2026_baseline\output\step5_scores.csv
2026-04-17 18:40:36,748 [INFO] ======================================================================
2026-04-17 18:40:36,748 [INFO] 最終結果サマリー
2026-04-17 18:40:36,748 [INFO] ======================================================================
2026-04-17 18:40:36,748 [INFO] AUC-ROC:         0.5482
2026-04-17 18:40:36,748 [INFO] Partial AUC:     0.5353
2026-04-17 18:40:36,748 [INFO] 正常スコア平均:  0.556794
2026-04-17 18:40:36,748 [INFO] 異常スコア平均:  0.583181
2026-04-17 18:40:36,748 [INFO] スコア差(分離度):0.026387
2026-04-17 18:40:36,749 [INFO] 出力先:          C:\Users\ugu00\my-secretary\dcase2026_baseline\output
2026-04-17 19:10:46,783 [INFO] ======================================================================
2026-04-17 19:10:46,783 [INFO] DCASE 2026 Task 2 Bearing ベースライン 開始
2026-04-17 19:10:46,783 [INFO] ======================================================================
2026-04-17 19:10:46,783 [INFO] ============================================================
2026-04-17 19:10:46,783 [INFO] Step 1: データ読み込みと可視化
2026-04-17 19:10:46,783 [INFO] ============================================================
2026-04-17 19:10:46,783 [INFO] 実データを使用: dev_Bearing
2026-04-17 19:10:46,793 [INFO] 学習ファイル数: 1000
2026-04-17 19:10:46,793 [INFO] テスト正常: 100件
2026-04-17 19:10:46,793 [INFO] テスト異常: 100件
2026-04-17 19:10:49,614 [INFO] 比較プロット保存: C:\Users\ugu00\my-secretary\dcase2026_baseline\output\step1_comparison.png
2026-04-17 19:10:49,614 [INFO] ============================================================
2026-04-17 19:10:49,614 [INFO] Step 2: 2Dパッチ抽出（CNN用）
2026-04-17 19:10:49,614 [INFO] ============================================================
2026-04-17 19:10:49,614 [INFO] 設定: patch_mels=128, patch_frames=64, stride=32
2026-04-17 19:10:57,867 [INFO] 学習用パッチshape: (8000, 128, 64)
2026-04-17 19:10:57,868 [INFO] ============================================================
2026-04-17 19:10:57,868 [INFO] Step 3: MobileNetV2ベース CNN AutoEncoder学習
2026-04-17 19:10:57,868 [INFO] ============================================================
2026-04-17 19:10:58,887 [INFO] 学習デバイス: cuda
2026-04-17 19:10:58,887 [INFO] 学習パッチ数: 7200, 検証パッチ数: 800
2026-04-17 19:11:03,449 [INFO] Epoch 1/80: train_loss=1.026156 val_loss=0.923573 lr=3.00e-04
2026-04-17 19:11:07,258 [INFO] Epoch 2/80: train_loss=0.805850 val_loss=0.730492 lr=3.00e-04
2026-04-17 19:11:11,076 [INFO] Epoch 3/80: train_loss=0.697232 val_loss=0.670859 lr=2.99e-04
2026-04-17 19:11:14,911 [INFO] Epoch 4/80: train_loss=0.658505 val_loss=0.643818 lr=2.98e-04
2026-04-17 19:11:18,741 [INFO] Epoch 5/80: train_loss=0.633492 val_loss=0.617963 lr=2.97e-04
2026-04-17 19:11:22,630 [INFO] Epoch 6/80: train_loss=0.610872 val_loss=0.597212 lr=2.96e-04
2026-04-17 19:11:26,491 [INFO] Epoch 7/80: train_loss=0.592950 val_loss=0.587894 lr=2.94e-04
2026-04-17 19:11:30,331 [INFO] Epoch 8/80: train_loss=0.579247 val_loss=0.573790 lr=2.93e-04
2026-04-17 19:11:34,171 [INFO] Epoch 9/80: train_loss=0.567790 val_loss=0.562246 lr=2.91e-04
2026-04-17 19:11:38,099 [INFO] Epoch 10/80: train_loss=0.559135 val_loss=0.557436 lr=2.89e-04
2026-04-17 19:11:41,953 [INFO] Epoch 11/80: train_loss=0.551018 val_loss=0.552602 lr=2.86e-04
2026-04-17 19:11:45,809 [INFO] Epoch 12/80: train_loss=0.546235 val_loss=0.544842 lr=2.84e-04
2026-04-17 19:11:49,705 [INFO] Epoch 13/80: train_loss=0.540962 val_loss=0.542295 lr=2.81e-04
2026-04-17 19:11:53,645 [INFO] Epoch 14/80: train_loss=0.536822 val_loss=0.536789 lr=2.78e-04
2026-04-17 19:11:57,657 [INFO] Epoch 15/80: train_loss=0.533910 val_loss=0.533179 lr=2.75e-04
2026-04-17 19:12:01,570 [INFO] Epoch 16/80: train_loss=0.531491 val_loss=0.532801 lr=2.71e-04
2026-04-17 19:12:05,528 [INFO] Epoch 17/80: train_loss=0.527373 val_loss=0.528510 lr=2.68e-04
2026-04-17 19:12:09,483 [INFO] Epoch 18/80: train_loss=0.524628 val_loss=0.528813 lr=2.64e-04
2026-04-17 19:12:13,478 [INFO] Epoch 19/80: train_loss=0.521868 val_loss=0.528362 lr=2.60e-04
2026-04-17 19:12:17,386 [INFO] Epoch 20/80: train_loss=0.521042 val_loss=0.524388 lr=2.56e-04
2026-04-17 19:12:21,343 [INFO] Epoch 21/80: train_loss=0.519118 val_loss=0.523762 lr=2.52e-04
2026-04-17 19:12:25,300 [INFO] Epoch 22/80: train_loss=0.518031 val_loss=0.519536 lr=2.47e-04
2026-04-17 19:12:29,197 [INFO] Epoch 23/80: train_loss=0.516073 val_loss=0.529773 lr=2.43e-04
2026-04-17 19:12:33,159 [INFO] Epoch 24/80: train_loss=0.514481 val_loss=0.518733 lr=2.38e-04
2026-04-17 19:12:37,025 [INFO] Epoch 25/80: train_loss=0.512179 val_loss=0.519397 lr=2.33e-04
2026-04-17 19:12:40,941 [INFO] Epoch 26/80: train_loss=0.511741 val_loss=0.516873 lr=2.28e-04
2026-04-17 19:12:44,866 [INFO] Epoch 27/80: train_loss=0.510033 val_loss=0.515731 lr=2.23e-04
2026-04-17 19:12:48,764 [INFO] Epoch 28/80: train_loss=0.508801 val_loss=0.516840 lr=2.18e-04
2026-04-17 19:12:52,679 [INFO] Epoch 29/80: train_loss=0.507452 val_loss=0.514327 lr=2.13e-04
2026-04-17 19:12:56,515 [INFO] Epoch 30/80: train_loss=0.506448 val_loss=0.514351 lr=2.07e-04
2026-04-17 19:13:00,437 [INFO] Epoch 31/80: train_loss=0.505629 val_loss=0.512686 lr=2.02e-04
2026-04-17 19:13:04,357 [INFO] Epoch 32/80: train_loss=0.504427 val_loss=0.513862 lr=1.96e-04
2026-04-17 19:13:08,354 [INFO] Epoch 33/80: train_loss=0.502984 val_loss=0.512665 lr=1.91e-04
2026-04-17 19:13:12,307 [INFO] Epoch 34/80: train_loss=0.502642 val_loss=0.512037 lr=1.85e-04
2026-04-17 19:13:16,292 [INFO] Epoch 35/80: train_loss=0.501253 val_loss=0.511347 lr=1.79e-04
2026-04-17 19:13:20,399 [INFO] Epoch 36/80: train_loss=0.501452 val_loss=0.510842 lr=1.73e-04
2026-04-17 19:13:24,493 [INFO] Epoch 37/80: train_loss=0.500186 val_loss=0.510636 lr=1.68e-04
2026-04-17 19:13:28,561 [INFO] Epoch 38/80: train_loss=0.498624 val_loss=0.510907 lr=1.62e-04
2026-04-17 19:13:32,658 [INFO] Epoch 39/80: train_loss=0.498004 val_loss=0.509495 lr=1.56e-04
2026-04-17 19:13:36,750 [INFO] Epoch 40/80: train_loss=0.498476 val_loss=0.509157 lr=1.50e-04
2026-04-17 19:13:40,871 [INFO] Epoch 41/80: train_loss=0.497106 val_loss=0.509353 lr=1.44e-04
2026-04-17 19:13:44,969 [INFO] Epoch 42/80: train_loss=0.496094 val_loss=0.508237 lr=1.38e-04
2026-04-17 19:13:49,037 [INFO] Epoch 43/80: train_loss=0.495301 val_loss=0.509825 lr=1.32e-04
2026-04-17 19:13:53,118 [INFO] Epoch 44/80: train_loss=0.494917 val_loss=0.508158 lr=1.27e-04
2026-04-17 19:13:57,234 [INFO] Epoch 45/80: train_loss=0.494619 val_loss=0.507084 lr=1.21e-04
2026-04-17 19:14:01,310 [INFO] Epoch 46/80: train_loss=0.493435 val_loss=0.508405 lr=1.15e-04
2026-04-17 19:14:05,409 [INFO] Epoch 47/80: train_loss=0.492734 val_loss=0.506814 lr=1.09e-04
2026-04-17 19:14:09,498 [INFO] Epoch 48/80: train_loss=0.492772 val_loss=0.506774 lr=1.04e-04
2026-04-17 19:14:13,599 [INFO] Epoch 49/80: train_loss=0.492663 val_loss=0.506987 lr=9.81e-05
2026-04-17 19:14:17,658 [INFO] Epoch 50/80: train_loss=0.492115 val_loss=0.506884 lr=9.26e-05
2026-04-17 19:14:21,762 [INFO] Epoch 51/80: train_loss=0.490585 val_loss=0.506482 lr=8.72e-05
2026-04-17 19:14:25,836 [INFO] Epoch 52/80: train_loss=0.490365 val_loss=0.506929 lr=8.19e-05
2026-04-17 19:14:29,943 [INFO] Epoch 53/80: train_loss=0.490088 val_loss=0.505598 lr=7.67e-05
2026-04-17 19:14:33,991 [INFO] Epoch 54/80: train_loss=0.489454 val_loss=0.505753 lr=7.16e-05
2026-04-17 19:14:37,965 [INFO] Epoch 55/80: train_loss=0.489289 val_loss=0.505785 lr=6.67e-05
2026-04-17 19:14:41,956 [INFO] Epoch 56/80: train_loss=0.488669 val_loss=0.505748 lr=6.18e-05
2026-04-17 19:14:45,976 [INFO] Epoch 57/80: train_loss=0.488618 val_loss=0.505249 lr=5.71e-05
2026-04-17 19:14:49,963 [INFO] Epoch 58/80: train_loss=0.487947 val_loss=0.505436 lr=5.26e-05
2026-04-17 19:14:53,823 [INFO] Epoch 59/80: train_loss=0.487358 val_loss=0.505430 lr=4.82e-05
2026-04-17 19:14:57,698 [INFO] Epoch 60/80: train_loss=0.487209 val_loss=0.505196 lr=4.39e-05
2026-04-17 19:15:01,536 [INFO] Epoch 61/80: train_loss=0.487440 val_loss=0.505495 lr=3.99e-05
2026-04-17 19:15:05,386 [INFO] Epoch 62/80: train_loss=0.486598 val_loss=0.505432 lr=3.59e-05
2026-04-17 19:15:09,253 [INFO] Epoch 63/80: train_loss=0.486280 val_loss=0.505067 lr=3.22e-05
2026-04-17 19:15:13,110 [INFO] Epoch 64/80: train_loss=0.486108 val_loss=0.505133 lr=2.86e-05
2026-04-17 19:15:16,988 [INFO] Epoch 65/80: train_loss=0.485429 val_loss=0.504860 lr=2.53e-05
2026-04-17 19:15:20,838 [INFO] Epoch 66/80: train_loss=0.485434 val_loss=0.505027 lr=2.21e-05
2026-04-17 19:15:24,685 [INFO] Epoch 67/80: train_loss=0.485281 val_loss=0.505132 lr=1.91e-05
2026-04-17 19:15:28,531 [INFO] Epoch 68/80: train_loss=0.485362 val_loss=0.505134 lr=1.63e-05
2026-04-17 19:15:32,378 [INFO] Epoch 69/80: train_loss=0.484881 val_loss=0.505123 lr=1.38e-05
2026-04-17 19:15:36,237 [INFO] Epoch 70/80: train_loss=0.485343 val_loss=0.505075 lr=1.14e-05
2026-04-17 19:15:40,080 [INFO] Epoch 71/80: train_loss=0.484588 val_loss=0.504941 lr=9.27e-06
2026-04-17 19:15:43,930 [INFO] Epoch 72/80: train_loss=0.484664 val_loss=0.504963 lr=7.34e-06
2026-04-17 19:15:47,783 [INFO] Epoch 73/80: train_loss=0.484725 val_loss=0.504912 lr=5.63e-06
2026-04-17 19:15:51,632 [INFO] Epoch 74/80: train_loss=0.484540 val_loss=0.505550 lr=4.14e-06
2026-04-17 19:15:55,477 [INFO] Epoch 75/80: train_loss=0.484487 val_loss=0.505167 lr=2.88e-06
2026-04-17 19:15:55,477 [INFO] Early Stopping at epoch 75
2026-04-17 19:15:55,499 [INFO] 学習完了: best_val_loss=0.504860
2026-04-17 19:15:55,601 [INFO] モデル保存: C:\Users\ugu00\my-secretary\dcase2026_baseline\output
2026-04-17 19:15:55,602 [INFO] ============================================================
2026-04-17 19:15:55,602 [INFO] Step 4: 異常スコア計算（CNN版）
2026-04-17 19:15:55,602 [INFO] ============================================================
2026-04-17 19:15:55,602 [INFO] 正常100件のスコア算出中...
2026-04-17 19:15:57,326 [INFO] 異常100件のスコア算出中...
2026-04-17 19:15:59,198 [INFO] スコア算出完了: 正常平均=0.518986, 異常平均=0.539569
2026-04-17 19:15:59,198 [INFO] ============================================================
2026-04-17 19:15:59,198 [INFO] Step 5: AUC-ROC評価
2026-04-17 19:15:59,198 [INFO] ============================================================
2026-04-17 19:15:59,201 [INFO] AUC-ROC:     0.5466
2026-04-17 19:15:59,201 [INFO] Partial AUC: 0.5374 (FPR <= 0.1)
2026-04-17 19:15:59,441 [INFO] ROC曲線保存: C:\Users\ugu00\my-secretary\dcase2026_baseline\output\step5_roc_curve.png
2026-04-17 19:15:59,740 [INFO] スコア分布保存: C:\Users\ugu00\my-secretary\dcase2026_baseline\output\step5_score_dist.png
2026-04-17 19:15:59,741 [INFO] 結果CSV保存: C:\Users\ugu00\my-secretary\dcase2026_baseline\output\step5_scores.csv
2026-04-17 19:15:59,741 [INFO] ======================================================================
2026-04-17 19:15:59,741 [INFO] 最終結果サマリー
2026-04-17 19:15:59,741 [INFO] ======================================================================
2026-04-17 19:15:59,741 [INFO] AUC-ROC:         0.5466
2026-04-17 19:15:59,741 [INFO] Partial AUC:     0.5374
2026-04-17 19:15:59,741 [INFO] 正常スコア平均:  0.518986
2026-04-17 19:15:59,741 [INFO] 異常スコア平均:  0.539569
2026-04-17 19:15:59,741 [INFO] スコア差(分離度):0.020583
2026-04-17 19:15:59,741 [INFO] 出力先:          C:\Users\ugu00\my-secretary\dcase2026_baseline\output
