2026-04-01 00:13:24,124 [INFO] ダウンロード中: 吾輩は猫である
2026-04-01 00:13:24,270 [INFO]   → 343 文字 (吾輩は猫である)
2026-04-01 00:13:24,271 [INFO] ダウンロード中: 坊っちゃん
2026-04-01 00:13:24,342 [INFO]   → 200 文字 (坊っちゃん)
2026-04-01 00:13:24,344 [INFO] ダウンロード中: 三四郎
2026-04-01 00:13:24,437 [INFO]   → 345 文字 (三四郎)
2026-04-01 00:13:24,438 [INFO] ダウンロード中: こころ
2026-04-01 00:13:24,517 [INFO]   → 235 文字 (こころ)
2026-04-01 00:13:24,517 [INFO] ダウンロード中: それから
2026-04-01 00:13:24,555 [ERROR] DL失敗 [それから]: HTTP Error 404: Not Found
2026-04-01 00:13:24,556 [INFO] ダウンロード中: 羅生門
2026-04-01 00:13:24,605 [INFO]   → 238 文字 (羅生門)
2026-04-01 00:13:24,605 [INFO] ダウンロード中: 藪の中
2026-04-01 00:13:24,641 [ERROR] DL失敗 [藪の中]: HTTP Error 404: Not Found
2026-04-01 00:13:24,643 [INFO] ダウンロード中: 鼻
2026-04-01 00:13:24,692 [INFO]   → 204 文字 (鼻)
2026-04-01 00:13:24,692 [INFO] ダウンロード中: 人間失格
2026-04-01 00:13:24,765 [INFO]   → 194 文字 (人間失格)
2026-04-01 00:13:24,765 [INFO] ダウンロード中: 走れメロス
2026-04-01 00:13:24,817 [INFO]   → 192 文字 (走れメロス)
2026-04-01 00:13:24,818 [INFO] ダウンロード中: 舞姫
2026-04-01 00:13:24,868 [ERROR] DL失敗 [舞姫]: HTTP Error 404: Not Found
2026-04-01 00:13:24,869 [INFO] 
==================================================
2026-04-01 00:13:24,869 [INFO] data.txt 生成完了: 8 作品
2026-04-01 00:13:24,869 [INFO] 総文字数: 1,951 文字
2026-04-01 00:13:24,869 [INFO] 保存先: C:\Users\ugu00\my-secretary\mini_gpt\data.txt
2026-04-01 00:13:24,869 [INFO] ==================================================
2026-04-01 00:16:54,796 [INFO] ダウンロード中: 吾輩は猫である
2026-04-01 00:16:54,992 [INFO]   → 321,489 文字 (吾輩は猫である)
2026-04-01 00:16:54,992 [INFO] ダウンロード中: 坊っちゃん
2026-04-01 00:16:55,069 [INFO]   → 89,382 文字 (坊っちゃん)
2026-04-01 00:16:55,069 [INFO] ダウンロード中: 三四郎
2026-04-01 00:16:55,230 [INFO]   → 172,084 文字 (三四郎)
2026-04-01 00:16:55,231 [INFO] ダウンロード中: こころ
2026-04-01 00:16:55,324 [INFO]   → 162,792 文字 (こころ)
2026-04-01 00:16:55,326 [INFO] ダウンロード中: それから
2026-04-01 00:16:55,427 [INFO]   → 174,921 文字 (それから)
2026-04-01 00:16:55,428 [INFO] ダウンロード中: 羅生門
2026-04-01 00:16:55,499 [INFO]   → 6,079 文字 (羅生門)
2026-04-01 00:16:55,499 [INFO] ダウンロード中: 藪の中
2026-04-01 00:16:55,552 [INFO]   → 8,854 文字 (藪の中)
2026-04-01 00:16:55,553 [INFO] ダウンロード中: 鼻
2026-04-01 00:16:55,599 [INFO]   → 6,130 文字 (鼻)
2026-04-01 00:16:55,600 [INFO] ダウンロード中: 人間失格
2026-04-01 00:16:55,733 [INFO]   → 74,090 文字 (人間失格)
2026-04-01 00:16:55,734 [INFO] ダウンロード中: 走れメロス
2026-04-01 00:16:55,817 [INFO]   → 10,183 文字 (走れメロス)
2026-04-01 00:16:55,817 [INFO] ダウンロード中: 舞姫
2026-04-01 00:16:55,895 [INFO]   → 16,592 文字 (舞姫)
2026-04-01 00:16:55,901 [INFO] 
==================================================
2026-04-01 00:16:55,902 [INFO] data.txt 生成完了: 11 作品
2026-04-01 00:16:55,902 [INFO] 総文字数: 1,042,596 文字
2026-04-01 00:16:55,902 [INFO] 保存先: C:\Users\ugu00\my-secretary\mini_gpt\data.txt
2026-04-01 00:16:55,902 [INFO] ==================================================
2026-04-01 00:16:56,098 [INFO] キャッシュ使用: 吾輩は猫である
2026-04-01 00:16:56,126 [INFO]   → 321,489 文字 (吾輩は猫である)
2026-04-01 00:16:56,127 [INFO] キャッシュ使用: 坊っちゃん
2026-04-01 00:16:56,133 [INFO]   → 89,382 文字 (坊っちゃん)
2026-04-01 00:16:56,133 [INFO] キャッシュ使用: 三四郎
2026-04-01 00:16:56,143 [INFO]   → 172,084 文字 (三四郎)
2026-04-01 00:16:56,143 [INFO] キャッシュ使用: こころ
2026-04-01 00:16:56,153 [INFO]   → 162,792 文字 (こころ)
2026-04-01 00:16:56,154 [INFO] キャッシュ使用: それから
2026-04-01 00:16:56,164 [INFO]   → 174,921 文字 (それから)
2026-04-01 00:16:56,165 [INFO] キャッシュ使用: 羅生門
2026-04-01 00:16:56,165 [INFO]   → 6,079 文字 (羅生門)
2026-04-01 00:16:56,166 [INFO] キャッシュ使用: 藪の中
2026-04-01 00:16:56,166 [INFO]   → 8,854 文字 (藪の中)
2026-04-01 00:16:56,167 [INFO] キャッシュ使用: 鼻
2026-04-01 00:16:56,167 [INFO]   → 6,130 文字 (鼻)
2026-04-01 00:16:56,167 [INFO] キャッシュ使用: 人間失格
2026-04-01 00:16:56,171 [INFO]   → 74,090 文字 (人間失格)
2026-04-01 00:16:56,171 [INFO] キャッシュ使用: 走れメロス
2026-04-01 00:16:56,173 [INFO]   → 10,183 文字 (走れメロス)
2026-04-01 00:16:56,173 [INFO] キャッシュ使用: 舞姫
2026-04-01 00:16:56,174 [INFO]   → 16,592 文字 (舞姫)
2026-04-01 00:16:56,180 [INFO] 
==================================================
2026-04-01 00:16:56,181 [INFO] data.txt 生成完了: 11 作品
2026-04-01 00:16:56,181 [INFO] 総文字数: 1,042,596 文字
2026-04-01 00:16:56,181 [INFO] 保存先: C:\Users\ugu00\my-secretary\mini_gpt\data.txt
2026-04-01 00:16:56,181 [INFO] ==================================================
