2026-07-17 19:07:38,848 [INFO] === AMUSE関内店（amuse_kannai）の処理を開始 ===
2026-07-17 19:07:39,619 [INFO] 読み込み完了: 売上伝票一覧_202312.xlsx (52行)
2026-07-17 19:07:39,808 [INFO] 読み込み完了: 売上伝票一覧_202401.xlsx (57行)
2026-07-17 19:07:40,018 [INFO] 読み込み完了: 売上伝票一覧_202402.xlsx (66行)
2026-07-17 19:07:40,302 [INFO] 読み込み完了: 売上伝票一覧_202403.xlsx (85行)
2026-07-17 19:07:40,639 [INFO] 読み込み完了: 売上伝票一覧_202404.xlsx (87行)
2026-07-17 19:07:40,931 [INFO] 読み込み完了: 売上伝票一覧_202405.xlsx (85行)
2026-07-17 19:07:41,285 [INFO] 読み込み完了: 売上伝票一覧_202406.xlsx (98行)
2026-07-17 19:07:41,649 [INFO] 読み込み完了: 売上伝票一覧_202407.xlsx (103行)
2026-07-17 19:07:41,986 [INFO] 読み込み完了: 売上伝票一覧_202408.xlsx (97行)
2026-07-17 19:07:42,351 [INFO] 読み込み完了: 売上伝票一覧_202409.xlsx (99行)
2026-07-17 19:07:42,715 [INFO] 読み込み完了: 売上伝票一覧_202410.xlsx (101行)
2026-07-17 19:07:43,014 [INFO] 読み込み完了: 売上伝票一覧_202411.xlsx (95行)
2026-07-17 19:07:43,328 [INFO] 読み込み完了: 売上伝票一覧_202412.xlsx (100行)
2026-07-17 19:07:43,725 [INFO] 読み込み完了: 売上伝票一覧_202508.xlsx (134行)
2026-07-17 19:07:44,067 [INFO] 読み込み完了: 売上伝票一覧_202509.xlsx (121行)
2026-07-17 19:07:52,391 [INFO] 一時テーブルへのロード完了: 1380行
2026-07-17 19:14:45,215 [INFO] === AMUSE関内店（amuse_kannai）の処理を開始 ===
2026-07-17 19:14:45,778 [INFO] 読み込み完了: 売上伝票一覧_202312.xlsx (52行)
2026-07-17 19:14:45,985 [INFO] 読み込み完了: 売上伝票一覧_202401.xlsx (57行)
2026-07-17 19:14:46,203 [INFO] 読み込み完了: 売上伝票一覧_202402.xlsx (66行)
2026-07-17 19:14:46,467 [INFO] 読み込み完了: 売上伝票一覧_202403.xlsx (85行)
2026-07-17 19:14:46,737 [INFO] 読み込み完了: 売上伝票一覧_202404.xlsx (87行)
2026-07-17 19:14:47,002 [INFO] 読み込み完了: 売上伝票一覧_202405.xlsx (85行)
2026-07-17 19:14:47,276 [INFO] 読み込み完了: 売上伝票一覧_202406.xlsx (98行)
2026-07-17 19:14:47,559 [INFO] 読み込み完了: 売上伝票一覧_202407.xlsx (103行)
2026-07-17 19:14:47,820 [INFO] 読み込み完了: 売上伝票一覧_202408.xlsx (97行)
2026-07-17 19:14:48,096 [INFO] 読み込み完了: 売上伝票一覧_202409.xlsx (99行)
2026-07-17 19:14:48,373 [INFO] 読み込み完了: 売上伝票一覧_202410.xlsx (101行)
2026-07-17 19:14:48,628 [INFO] 読み込み完了: 売上伝票一覧_202411.xlsx (95行)
2026-07-17 19:14:48,897 [INFO] 読み込み完了: 売上伝票一覧_202412.xlsx (100行)
2026-07-17 19:14:49,243 [INFO] 読み込み完了: 売上伝票一覧_202508.xlsx (134行)
2026-07-17 19:14:49,557 [INFO] 読み込み完了: 売上伝票一覧_202509.xlsx (121行)
2026-07-17 19:14:49,655 [ERROR] Error converting Pandas column with name: "visit_time_When" and datatype: "object" to an appropriate pyarrow datatype: Array, ListArray, or StructArray
2026-07-17 19:16:07,759 [INFO] === AMUSE関内店（amuse_kannai）の処理を開始 ===
2026-07-17 19:16:08,347 [INFO] 読み込み完了: 売上伝票一覧_202312.xlsx (52行)
2026-07-17 19:16:08,525 [INFO] 読み込み完了: 売上伝票一覧_202401.xlsx (57行)
2026-07-17 19:16:08,733 [INFO] 読み込み完了: 売上伝票一覧_202402.xlsx (66行)
2026-07-17 19:16:08,992 [INFO] 読み込み完了: 売上伝票一覧_202403.xlsx (85行)
2026-07-17 19:16:09,266 [INFO] 読み込み完了: 売上伝票一覧_202404.xlsx (87行)
2026-07-17 19:16:09,526 [INFO] 読み込み完了: 売上伝票一覧_202405.xlsx (85行)
2026-07-17 19:16:09,855 [INFO] 読み込み完了: 売上伝票一覧_202406.xlsx (98行)
2026-07-17 19:16:10,151 [INFO] 読み込み完了: 売上伝票一覧_202407.xlsx (103行)
2026-07-17 19:16:10,435 [INFO] 読み込み完了: 売上伝票一覧_202408.xlsx (97行)
2026-07-17 19:16:10,748 [INFO] 読み込み完了: 売上伝票一覧_202409.xlsx (99行)
2026-07-17 19:16:11,079 [INFO] 読み込み完了: 売上伝票一覧_202410.xlsx (101行)
2026-07-17 19:16:11,369 [INFO] 読み込み完了: 売上伝票一覧_202411.xlsx (95行)
2026-07-17 19:16:11,729 [INFO] 読み込み完了: 売上伝票一覧_202412.xlsx (100行)
2026-07-17 19:16:12,174 [INFO] 読み込み完了: 売上伝票一覧_202508.xlsx (134行)
2026-07-17 19:16:12,534 [INFO] 読み込み完了: 売上伝票一覧_202509.xlsx (121行)
2026-07-17 19:16:16,440 [INFO] 一時テーブルへのロード完了: 1380行
2026-07-17 19:16:25,460 [INFO] MERGE完了
2026-07-17 19:16:25,596 [INFO] === AMUSE関内店 完了 ===
2026-07-17 19:19:15,998 [INFO] === AMUSE関内店（amuse_kannai）の処理を開始 ===
2026-07-17 19:19:16,593 [INFO] 読み込み完了: 売上伝票一覧_202312.xlsx (52行)
2026-07-17 19:19:16,786 [INFO] 読み込み完了: 売上伝票一覧_202401.xlsx (57行)
2026-07-17 19:19:17,002 [INFO] 読み込み完了: 売上伝票一覧_202402.xlsx (66行)
2026-07-17 19:19:17,265 [INFO] 読み込み完了: 売上伝票一覧_202403.xlsx (85行)
2026-07-17 19:19:17,545 [INFO] 読み込み完了: 売上伝票一覧_202404.xlsx (87行)
2026-07-17 19:19:17,828 [INFO] 読み込み完了: 売上伝票一覧_202405.xlsx (85行)
2026-07-17 19:19:18,118 [INFO] 読み込み完了: 売上伝票一覧_202406.xlsx (98行)
2026-07-17 19:19:18,441 [INFO] 読み込み完了: 売上伝票一覧_202407.xlsx (103行)
2026-07-17 19:19:18,754 [INFO] 読み込み完了: 売上伝票一覧_202408.xlsx (97行)
2026-07-17 19:19:19,074 [INFO] 読み込み完了: 売上伝票一覧_202409.xlsx (99行)
2026-07-17 19:19:19,386 [INFO] 読み込み完了: 売上伝票一覧_202410.xlsx (101行)
2026-07-17 19:19:19,672 [INFO] 読み込み完了: 売上伝票一覧_202411.xlsx (95行)
2026-07-17 19:19:19,970 [INFO] 読み込み完了: 売上伝票一覧_202412.xlsx (100行)
2026-07-17 19:19:20,353 [INFO] 読み込み完了: 売上伝票一覧_202508.xlsx (134行)
2026-07-17 19:19:20,709 [INFO] 読み込み完了: 売上伝票一覧_202509.xlsx (121行)
2026-07-17 19:19:23,448 [INFO] 一時テーブルへのロード完了: 1380行
2026-07-17 19:19:34,784 [INFO] MERGE完了
2026-07-17 19:19:34,894 [INFO] === AMUSE関内店 完了 ===
2026-07-17 19:19:34,894 [INFO] === ECLART eye＆Laurel 池袋（eclart_eye_laurel_ikebukuro）の処理を開始 ===
2026-07-17 19:19:35,872 [INFO] 読み込み完了: 売上伝票一覧_202406.xlsx (358行)
2026-07-17 19:19:36,947 [INFO] 読み込み完了: 売上伝票一覧_202407.xlsx (391行)
2026-07-17 19:19:38,066 [INFO] 読み込み完了: 売上伝票一覧_202408.xlsx (375行)
2026-07-17 19:19:39,312 [INFO] 読み込み完了: 売上伝票一覧_202409.xlsx (422行)
2026-07-17 19:19:40,493 [INFO] 読み込み完了: 売上伝票一覧_202410.xlsx (409行)
2026-07-17 19:19:41,687 [INFO] 読み込み完了: 売上伝票一覧_202411.xlsx (411行)
2026-07-17 19:19:43,018 [INFO] 読み込み完了: 売上伝票一覧_202412.xlsx (451行)
2026-07-17 19:19:44,117 [INFO] 読み込み完了: 売上伝票一覧_202501.xlsx (394行)
2026-07-17 19:19:44,994 [INFO] 読み込み完了: 売上伝票一覧_202502.xlsx (313行)
2026-07-17 19:19:45,893 [INFO] 読み込み完了: 売上伝票一覧_202503.xlsx (324行)
2026-07-17 19:19:46,714 [INFO] 読み込み完了: 売上伝票一覧_202504.xlsx (293行)
2026-07-17 19:19:47,706 [INFO] 読み込み完了: 売上伝票一覧_202505.xlsx (362行)
2026-07-17 19:19:48,539 [INFO] 読み込み完了: 売上伝票一覧_202506.xlsx (283行)
2026-07-17 19:19:49,280 [INFO] 読み込み完了: 売上伝票一覧_202507.xlsx (254行)
2026-07-17 19:19:50,053 [INFO] 読み込み完了: 売上伝票一覧_202508.xlsx (265行)
2026-07-17 19:19:50,874 [INFO] 読み込み完了: 売上伝票一覧_202509.xlsx (279行)
2026-07-17 19:19:51,736 [INFO] 読み込み完了: 売上伝票一覧_202510.xlsx (309行)
2026-07-17 19:19:52,703 [INFO] 読み込み完了: 売上伝票一覧_202511.xlsx (341行)
2026-07-17 19:19:53,614 [INFO] 読み込み完了: 売上伝票一覧_202512.xlsx (327行)
2026-07-17 19:19:54,310 [INFO] 読み込み完了: 売上伝票一覧_202601.xlsx (248行)
2026-07-17 19:19:55,023 [INFO] 読み込み完了: 売上伝票一覧_202602.xlsx (239行)
2026-07-17 19:19:55,814 [INFO] 読み込み完了: 売上伝票一覧_202603.xlsx (274行)
2026-07-17 19:19:56,732 [INFO] 読み込み完了: 売上伝票一覧_202604.xlsx (326行)
2026-07-17 19:19:57,662 [INFO] 読み込み完了: 売上伝票一覧_202605.xlsx (331行)
2026-07-17 19:19:58,653 [INFO] 読み込み完了: 売上伝票一覧_202606.xlsx (343行)
2026-07-17 19:20:01,314 [INFO] 一時テーブルへのロード完了: 8322行
2026-07-17 19:20:19,257 [INFO] MERGE完了
2026-07-17 19:20:19,391 [INFO] === ECLART eye＆Laurel 池袋 完了 ===
2026-07-17 19:20:19,391 [INFO] === ECLART eye＆Laurel 中野（eclart_eye_laurel_nakano）の処理を開始 ===
2026-07-17 19:20:19,453 [INFO] 読み込み完了: 売上伝票一覧_202408.xlsx (3行)
2026-07-17 19:20:19,785 [INFO] 読み込み完了: 売上伝票一覧_202409.xlsx (95行)
2026-07-17 19:20:20,153 [INFO] 読み込み完了: 売上伝票一覧_202410.xlsx (106行)
2026-07-17 19:20:20,531 [INFO] 読み込み完了: 売上伝票一覧_202411.xlsx (110行)
2026-07-17 19:20:21,134 [INFO] 読み込み完了: 売上伝票一覧_202412.xlsx (196行)
2026-07-17 19:20:21,682 [INFO] 読み込み完了: 売上伝票一覧_202501.xlsx (160行)
2026-07-17 19:20:22,159 [INFO] 読み込み完了: 売上伝票一覧_202502.xlsx (158行)
2026-07-17 19:20:22,818 [INFO] 読み込み完了: 売上伝票一覧_202503.xlsx (207行)
2026-07-17 19:20:23,475 [INFO] 読み込み完了: 売上伝票一覧_202504.xlsx (198行)
2026-07-17 19:20:24,049 [INFO] 読み込み完了: 売上伝票一覧_202505.xlsx (190行)
2026-07-17 19:20:24,592 [INFO] 読み込み完了: 売上伝票一覧_202506.xlsx (175行)
2026-07-17 19:20:25,176 [INFO] 読み込み完了: 売上伝票一覧_202507.xlsx (189行)
2026-07-17 19:20:25,834 [INFO] 読み込み完了: 売上伝票一覧_202508.xlsx (219行)
2026-07-17 19:20:26,492 [INFO] 読み込み完了: 売上伝票一覧_202509.xlsx (225行)
2026-07-17 19:20:27,149 [INFO] 読み込み完了: 売上伝票一覧_202510.xlsx (216行)
2026-07-17 19:20:27,764 [INFO] 読み込み完了: 売上伝票一覧_202511.xlsx (210行)
2026-07-17 19:20:28,456 [INFO] 読み込み完了: 売上伝票一覧_202512.xlsx (236行)
2026-07-17 19:20:29,193 [INFO] 読み込み完了: 売上伝票一覧_202601.xlsx (217行)
2026-07-17 19:20:30,066 [INFO] 読み込み完了: 売上伝票一覧_202602.xlsx (283行)
2026-07-17 19:20:30,975 [INFO] 読み込み完了: 売上伝票一覧_202603.xlsx (295行)
2026-07-17 19:20:31,853 [INFO] 読み込み完了: 売上伝票一覧_202604.xlsx (292行)
2026-07-17 19:20:32,598 [INFO] 読み込み完了: 売上伝票一覧_202605.xlsx (247行)
2026-07-17 19:20:33,225 [INFO] 読み込み完了: 売上伝票一覧_202606.xlsx (214行)
2026-07-17 19:20:35,419 [INFO] 一時テーブルへのロード完了: 4441行
2026-07-17 19:20:49,018 [INFO] MERGE完了
2026-07-17 19:20:49,136 [INFO] === ECLART eye＆Laurel 中野 完了 ===
2026-07-17 19:20:49,137 [INFO] === ECLART eye＆laurel／Travel 大宮店（eclart_eye_laurel_travel_omiya）の処理を開始 ===
2026-07-17 19:20:49,704 [INFO] 読み込み完了: 売上伝票一覧_202506.xlsx (170行)
2026-07-17 19:20:50,401 [INFO] 読み込み完了: 売上伝票一覧_202507.xlsx (250行)
2026-07-17 19:20:51,405 [INFO] 読み込み完了: 売上伝票一覧_202508.xlsx (357行)
2026-07-17 19:20:52,287 [INFO] 読み込み完了: 売上伝票一覧_202509.xlsx (314行)
2026-07-17 19:20:53,314 [INFO] 読み込み完了: 売上伝票一覧_202510.xlsx (362行)
2026-07-17 19:20:54,356 [INFO] 読み込み完了: 売上伝票一覧_202511.xlsx (379行)
2026-07-17 19:20:55,754 [INFO] 読み込み完了: 売上伝票一覧_202512.xlsx (466行)
2026-07-17 19:20:56,982 [INFO] 読み込み完了: 売上伝票一覧_202601.xlsx (409行)
2026-07-17 19:20:58,364 [INFO] 読み込み完了: 売上伝票一覧_202602.xlsx (464行)
2026-07-17 19:20:59,894 [INFO] 読み込み完了: 売上伝票一覧_202603.xlsx (525行)
2026-07-17 19:21:01,404 [INFO] 読み込み完了: 売上伝票一覧_202604.xlsx (520行)
2026-07-17 19:21:02,886 [INFO] 読み込み完了: 売上伝票一覧_202605.xlsx (514行)
2026-07-17 19:21:04,164 [INFO] 読み込み完了: 売上伝票一覧_202606.xlsx (448行)
2026-07-17 19:21:06,731 [INFO] 一時テーブルへのロード完了: 5178行
2026-07-17 19:21:16,037 [INFO] MERGE完了
2026-07-17 19:21:16,149 [INFO] === ECLART eye＆laurel／Travel 大宮店 完了 ===
2026-07-17 19:21:16,149 [INFO] === Eye & nail LOKAHI（eye_nail_lokahi）の処理を開始 ===
2026-07-17 19:21:16,197 [INFO] 読み込み完了: 売上伝票一覧_202204.xlsx (1行)
2026-07-17 19:21:16,872 [INFO] 読み込み完了: 売上伝票一覧_202205.xlsx (239行)
2026-07-17 19:21:17,633 [INFO] 読み込み完了: 売上伝票一覧_202206.xlsx (265行)
2026-07-17 19:21:18,429 [INFO] 読み込み完了: 売上伝票一覧_202207.xlsx (281行)
2026-07-17 19:21:19,058 [INFO] 読み込み完了: 売上伝票一覧_202208.xlsx (211行)
2026-07-17 19:21:19,847 [INFO] 読み込み完了: 売上伝票一覧_202209.xlsx (273行)
2026-07-17 19:21:20,533 [INFO] 読み込み完了: 売上伝票一覧_202210.xlsx (243行)
2026-07-17 19:21:21,364 [INFO] 読み込み完了: 売上伝票一覧_202211.xlsx (285行)
2026-07-17 19:21:22,213 [INFO] 読み込み完了: 売上伝票一覧_202212.xlsx (300行)
2026-07-17 19:21:22,924 [INFO] 読み込み完了: 売上伝票一覧_202301.xlsx (261行)
2026-07-17 19:21:23,475 [INFO] 読み込み完了: 売上伝票一覧_202302.xlsx (199行)
2026-07-17 19:21:24,068 [INFO] 読み込み完了: 売上伝票一覧_202303.xlsx (206行)
2026-07-17 19:21:24,623 [INFO] 読み込み完了: 売上伝票一覧_202304.xlsx (200行)
2026-07-17 19:21:25,105 [INFO] 読み込み完了: 売上伝票一覧_202305.xlsx (172行)
2026-07-17 19:21:25,678 [INFO] 読み込み完了: 売上伝票一覧_202306.xlsx (202行)
2026-07-17 19:21:26,450 [INFO] 読み込み完了: 売上伝票一覧_202307.xlsx (285行)
2026-07-17 19:21:27,301 [INFO] 読み込み完了: 売上伝票一覧_202308.xlsx (286行)
2026-07-17 19:21:28,081 [INFO] 読み込み完了: 売上伝票一覧_202309.xlsx (264行)
2026-07-17 19:21:28,834 [INFO] 読み込み完了: 売上伝票一覧_202310.xlsx (260行)
2026-07-17 19:21:29,554 [INFO] 読み込み完了: 売上伝票一覧_202311.xlsx (250行)
2026-07-17 19:21:30,496 [INFO] 読み込み完了: 売上伝票一覧_202312.xlsx (326行)
2026-07-17 19:21:31,319 [INFO] 読み込み完了: 売上伝票一覧_202401.xlsx (292行)
2026-07-17 19:21:32,105 [INFO] 読み込み完了: 売上伝票一覧_202402.xlsx (273行)
2026-07-17 19:21:33,119 [INFO] 読み込み完了: 売上伝票一覧_202403.xlsx (341行)
2026-07-17 19:21:33,893 [INFO] 読み込み完了: 売上伝票一覧_202404.xlsx (279行)
2026-07-17 19:21:34,725 [INFO] 読み込み完了: 売上伝票一覧_202405.xlsx (291行)
2026-07-17 19:21:35,537 [INFO] 読み込み完了: 売上伝票一覧_202406.xlsx (303行)
2026-07-17 19:21:36,385 [INFO] 読み込み完了: 売上伝票一覧_202407.xlsx (312行)
2026-07-17 19:21:37,353 [INFO] 読み込み完了: 売上伝票一覧_202408.xlsx (348行)
2026-07-17 19:21:38,126 [INFO] 読み込み完了: 売上伝票一覧_202409.xlsx (287行)
2026-07-17 19:21:38,946 [INFO] 読み込み完了: 売上伝票一覧_202410.xlsx (286行)
2026-07-17 19:21:39,768 [INFO] 読み込み完了: 売上伝票一覧_202411.xlsx (282行)
2026-07-17 19:21:40,682 [INFO] 読み込み完了: 売上伝票一覧_202412.xlsx (319行)
2026-07-17 19:21:41,486 [INFO] 読み込み完了: 売上伝票一覧_202501.xlsx (279行)
2026-07-17 19:21:42,349 [INFO] 読み込み完了: 売上伝票一覧_202502.xlsx (286行)
2026-07-17 19:21:43,316 [INFO] 読み込み完了: 売上伝票一覧_202503.xlsx (342行)
2026-07-17 19:21:44,083 [INFO] 読み込み完了: 売上伝票一覧_202504.xlsx (266行)
2026-07-17 19:21:44,826 [INFO] 読み込み完了: 売上伝票一覧_202505.xlsx (248行)
2026-07-17 19:21:45,569 [INFO] 読み込み完了: 売上伝票一覧_202506.xlsx (249行)
2026-07-17 19:21:46,322 [INFO] 読み込み完了: 売上伝票一覧_202507.xlsx (274行)
2026-07-17 19:21:47,017 [INFO] 読み込み完了: 売上伝票一覧_202508.xlsx (251行)
2026-07-17 19:21:47,579 [INFO] 読み込み完了: 売上伝票一覧_202509.xlsx (197行)
2026-07-17 19:21:48,303 [INFO] 読み込み完了: 売上伝票一覧_202510.xlsx (260行)
2026-07-17 19:21:48,885 [INFO] 読み込み完了: 売上伝票一覧_202511.xlsx (196行)
2026-07-17 19:21:49,512 [INFO] 読み込み完了: 売上伝票一覧_202512.xlsx (214行)
2026-07-17 19:21:50,140 [INFO] 読み込み完了: 売上伝票一覧_202601.xlsx (199行)
2026-07-17 19:21:50,673 [INFO] 読み込み完了: 売上伝票一覧_202602.xlsx (151行)
2026-07-17 19:21:51,337 [INFO] 読み込み完了: 売上伝票一覧_202603.xlsx (219行)
2026-07-17 19:21:51,922 [INFO] 読み込み完了: 売上伝票一覧_202604.xlsx (201行)
2026-07-17 19:21:52,631 [INFO] 読み込み完了: 売上伝票一覧_202605.xlsx (227行)
2026-07-17 19:21:53,348 [INFO] 読み込み完了: 売上伝票一覧_202606.xlsx (220行)
2026-07-17 19:21:55,806 [INFO] 一時テーブルへのロード完了: 12901行
2026-07-17 19:22:30,349 [INFO] MERGE完了
2026-07-17 19:22:30,465 [INFO] === Eye & nail LOKAHI 完了 ===
2026-07-17 19:22:30,465 [INFO] === Laurel by HORN 札幌（laurel_by_horn_sapporo）の処理を開始 ===
2026-07-17 19:22:30,682 [INFO] 読み込み完了: 売上伝票一覧_202502.xlsx (60行)
2026-07-17 19:22:31,266 [INFO] 読み込み完了: 売上伝票一覧_202503.xlsx (209行)
2026-07-17 19:22:31,841 [INFO] 読み込み完了: 売上伝票一覧_202504.xlsx (204行)
2026-07-17 19:22:32,426 [INFO] 読み込み完了: 売上伝票一覧_202505.xlsx (207行)
2026-07-17 19:22:33,006 [INFO] 読み込み完了: 売上伝票一覧_202506.xlsx (203行)
2026-07-17 19:22:33,648 [INFO] 読み込み完了: 売上伝票一覧_202507.xlsx (217行)
2026-07-17 19:22:34,327 [INFO] 読み込み完了: 売上伝票一覧_202508.xlsx (243行)
2026-07-17 19:22:35,002 [INFO] 読み込み完了: 売上伝票一覧_202509.xlsx (247行)
2026-07-17 19:22:35,582 [INFO] 読み込み完了: 売上伝票一覧_202510.xlsx (209行)
2026-07-17 19:22:36,135 [INFO] 読み込み完了: 売上伝票一覧_202511.xlsx (191行)
2026-07-17 19:22:36,816 [INFO] 読み込み完了: 売上伝票一覧_202512.xlsx (242行)
2026-07-17 19:22:37,521 [INFO] 読み込み完了: 売上伝票一覧_202601.xlsx (245行)
2026-07-17 19:22:38,277 [INFO] 読み込み完了: 売上伝票一覧_202602.xlsx (255行)
2026-07-17 19:22:39,245 [INFO] 読み込み完了: 売上伝票一覧_202603.xlsx (309行)
2026-07-17 19:22:40,296 [INFO] 読み込み完了: 売上伝票一覧_202604.xlsx (337行)
2026-07-17 19:22:41,198 [INFO] 読み込み完了: 売上伝票一覧_202605.xlsx (279行)
2026-07-17 19:22:41,983 [INFO] 読み込み完了: 売上伝票一覧_202606.xlsx (281行)
2026-07-17 19:22:44,389 [INFO] 一時テーブルへのロード完了: 3938行
2026-07-17 19:23:01,245 [INFO] MERGE完了
2026-07-17 19:23:01,377 [INFO] === Laurel by HORN 札幌 完了 ===
2026-07-17 19:23:01,377 [INFO] === LAUREL EYE 川崎（laurel_eye_kawasaki）の処理を開始 ===
2026-07-17 19:23:01,788 [INFO] 読み込み完了: 売上伝票一覧_202410.xlsx (143行)
2026-07-17 19:23:02,448 [INFO] 読み込み完了: 売上伝票一覧_202411.xlsx (241行)
2026-07-17 19:23:03,142 [INFO] 読み込み完了: 売上伝票一覧_202412.xlsx (253行)
2026-07-17 19:23:03,748 [INFO] 読み込み完了: 売上伝票一覧_202501.xlsx (221行)
2026-07-17 19:23:04,332 [INFO] 読み込み完了: 売上伝票一覧_202502.xlsx (209行)
2026-07-17 19:23:05,054 [INFO] 読み込み完了: 売上伝票一覧_202503.xlsx (261行)
2026-07-17 19:23:05,804 [INFO] 読み込み完了: 売上伝票一覧_202504.xlsx (256行)
2026-07-17 19:23:06,709 [INFO] 読み込み完了: 売上伝票一覧_202505.xlsx (315行)
2026-07-17 19:23:07,805 [INFO] 読み込み完了: 売上伝票一覧_202506.xlsx (374行)
2026-07-17 19:23:08,924 [INFO] 読み込み完了: 売上伝票一覧_202507.xlsx (386行)
2026-07-17 19:23:10,076 [INFO] 読み込み完了: 売上伝票一覧_202508.xlsx (405行)
2026-07-17 19:23:11,202 [INFO] 読み込み完了: 売上伝票一覧_202509.xlsx (376行)
2026-07-17 19:23:12,378 [INFO] 読み込み完了: 売上伝票一覧_202510.xlsx (406行)
2026-07-17 19:23:13,488 [INFO] 読み込み完了: 売上伝票一覧_202511.xlsx (361行)
2026-07-17 19:23:14,488 [INFO] 読み込み完了: 売上伝票一覧_202512.xlsx (365行)
2026-07-17 19:23:15,600 [INFO] 読み込み完了: 売上伝票一覧_202601.xlsx (363行)
2026-07-17 19:23:16,539 [INFO] 読み込み完了: 売上伝票一覧_202602.xlsx (326行)
2026-07-17 19:23:17,616 [INFO] 読み込み完了: 売上伝票一覧_202603.xlsx (364行)
2026-07-17 19:23:18,848 [INFO] 読み込み完了: 売上伝票一覧_202604.xlsx (404行)
2026-07-17 19:23:19,921 [INFO] 読み込み完了: 売上伝票一覧_202605.xlsx (363行)
2026-07-17 19:23:21,053 [INFO] 読み込み完了: 売上伝票一覧_202606.xlsx (370行)
2026-07-17 19:23:23,552 [INFO] 一時テーブルへのロード完了: 6762行
2026-07-17 19:23:37,055 [INFO] MERGE完了
2026-07-17 19:23:37,153 [INFO] === LAUREL EYE 川崎 完了 ===
2026-07-17 19:23:37,153 [INFO] === LAUREL EYE 小倉店（laurel_eye_kokura）の処理を開始 ===
2026-07-17 19:23:37,706 [INFO] 読み込み完了: 売上伝票一覧_202406.xlsx (178行)
2026-07-17 19:23:38,163 [INFO] 読み込み完了: 売上伝票一覧_202407.xlsx (150行)
2026-07-17 19:23:38,538 [INFO] 読み込み完了: 売上伝票一覧_202408.xlsx (124行)
2026-07-17 19:23:38,918 [INFO] 読み込み完了: 売上伝票一覧_202409.xlsx (122行)
2026-07-17 19:23:39,491 [INFO] 読み込み完了: 売上伝票一覧_202410.xlsx (180行)
2026-07-17 19:23:40,180 [INFO] 読み込み完了: 売上伝票一覧_202411.xlsx (240行)
2026-07-17 19:23:41,255 [INFO] 読み込み完了: 売上伝票一覧_202412.xlsx (369行)
2026-07-17 19:23:42,219 [INFO] 読み込み完了: 売上伝票一覧_202501.xlsx (302行)
2026-07-17 19:23:43,051 [INFO] 読み込み完了: 売上伝票一覧_202502.xlsx (291行)
2026-07-17 19:23:43,972 [INFO] 読み込み完了: 売上伝票一覧_202503.xlsx (326行)
2026-07-17 19:23:44,774 [INFO] 読み込み完了: 売上伝票一覧_202504.xlsx (280行)
2026-07-17 19:23:45,587 [INFO] 読み込み完了: 売上伝票一覧_202505.xlsx (292行)
2026-07-17 19:23:46,369 [INFO] 読み込み完了: 売上伝票一覧_202506.xlsx (262行)
2026-07-17 19:23:47,195 [INFO] 読み込み完了: 売上伝票一覧_202507.xlsx (272行)
2026-07-17 19:23:47,928 [INFO] 読み込み完了: 売上伝票一覧_202508.xlsx (243行)
2026-07-17 19:23:48,623 [INFO] 読み込み完了: 売上伝票一覧_202509.xlsx (237行)
2026-07-17 19:23:49,366 [INFO] 読み込み完了: 売上伝票一覧_202510.xlsx (269行)
2026-07-17 19:23:50,219 [INFO] 読み込み完了: 売上伝票一覧_202511.xlsx (299行)
2026-07-17 19:23:51,091 [INFO] 読み込み完了: 売上伝票一覧_202512.xlsx (315行)
2026-07-17 19:23:51,784 [INFO] 読み込み完了: 売上伝票一覧_202601.xlsx (254行)
2026-07-17 19:23:52,734 [INFO] 読み込み完了: 売上伝票一覧_202602.xlsx (337行)
2026-07-17 19:23:53,704 [INFO] 読み込み完了: 売上伝票一覧_202603.xlsx (367行)
2026-07-17 19:23:54,614 [INFO] 読み込み完了: 売上伝票一覧_202604.xlsx (311行)
2026-07-17 19:23:55,456 [INFO] 読み込み完了: 売上伝票一覧_202605.xlsx (292行)
2026-07-17 19:23:56,357 [INFO] 読み込み完了: 売上伝票一覧_202606.xlsx (315行)
2026-07-17 19:23:58,217 [INFO] 一時テーブルへのロード完了: 6627行
2026-07-17 19:24:15,890 [INFO] MERGE完了
2026-07-17 19:24:16,038 [INFO] === LAUREL EYE 小倉店 完了 ===
2026-07-17 19:24:16,038 [INFO] === LAUREL EYE 栄店（laurel_eye_sakae）の処理を開始 ===
2026-07-17 19:24:16,603 [INFO] 読み込み完了: 売上伝票一覧_202406.xlsx (174行)
2026-07-17 19:24:17,170 [INFO] 読み込み完了: 売上伝票一覧_202407.xlsx (177行)
2026-07-17 19:24:17,699 [INFO] 読み込み完了: 売上伝票一覧_202408.xlsx (174行)
2026-07-17 19:24:18,144 [INFO] 読み込み完了: 売上伝票一覧_202409.xlsx (150行)
2026-07-17 19:24:18,614 [INFO] 読み込み完了: 売上伝票一覧_202410.xlsx (162行)
2026-07-17 19:24:19,042 [INFO] 読み込み完了: 売上伝票一覧_202411.xlsx (146行)
2026-07-17 19:24:19,571 [INFO] 読み込み完了: 売上伝票一覧_202412.xlsx (183行)
2026-07-17 19:24:20,089 [INFO] 読み込み完了: 売上伝票一覧_202501.xlsx (178行)
2026-07-17 19:24:20,518 [INFO] 読み込み完了: 売上伝票一覧_202502.xlsx (143行)
2026-07-17 19:24:21,063 [INFO] 読み込み完了: 売上伝票一覧_202503.xlsx (187行)
2026-07-17 19:24:21,631 [INFO] 読み込み完了: 売上伝票一覧_202504.xlsx (197行)
2026-07-17 19:24:22,095 [INFO] 読み込み完了: 売上伝票一覧_202505.xlsx (158行)
2026-07-17 19:24:22,640 [INFO] 読み込み完了: 売上伝票一覧_202506.xlsx (185行)
2026-07-17 19:24:23,138 [INFO] 読み込み完了: 売上伝票一覧_202507.xlsx (170行)
2026-07-17 19:24:23,673 [INFO] 読み込み完了: 売上伝票一覧_202508.xlsx (162行)
2026-07-17 19:24:24,387 [INFO] 読み込み完了: 売上伝票一覧_202509.xlsx (231行)
2026-07-17 19:24:25,128 [INFO] 読み込み完了: 売上伝票一覧_202510.xlsx (253行)
2026-07-17 19:24:25,855 [INFO] 読み込み完了: 売上伝票一覧_202511.xlsx (249行)
2026-07-17 19:24:26,872 [INFO] 読み込み完了: 売上伝票一覧_202512.xlsx (342行)
2026-07-17 19:24:27,671 [INFO] 読み込み完了: 売上伝票一覧_202601.xlsx (255行)
2026-07-17 19:24:28,287 [INFO] 読み込み完了: 売上伝票一覧_202602.xlsx (199行)
2026-07-17 19:24:28,851 [INFO] 読み込み完了: 売上伝票一覧_202603.xlsx (173行)
2026-07-17 19:24:29,394 [INFO] 読み込み完了: 売上伝票一覧_202604.xlsx (173行)
2026-07-17 19:24:30,015 [INFO] 読み込み完了: 売上伝票一覧_202605.xlsx (208行)
2026-07-17 19:24:30,664 [INFO] 読み込み完了: 売上伝票一覧_202606.xlsx (223行)
2026-07-17 19:24:33,001 [INFO] 一時テーブルへのロード完了: 4852行
2026-07-17 19:24:47,594 [INFO] MERGE完了
2026-07-17 19:24:47,751 [INFO] === LAUREL EYE 栄店 完了 ===
2026-07-17 19:24:47,751 [INFO] === Laurel by Snowdrop吉祥寺（laurel_snowdrop_kichijoji）の処理を開始 ===
2026-07-17 19:24:48,187 [INFO] 読み込み完了: 売上伝票一覧_202407.xlsx (155行)
2026-07-17 19:24:48,849 [INFO] 読み込み完了: 売上伝票一覧_202408.xlsx (245行)
2026-07-17 19:24:49,735 [INFO] 読み込み完了: 売上伝票一覧_202409.xlsx (333行)
2026-07-17 19:24:50,550 [INFO] 読み込み完了: 売上伝票一覧_202410.xlsx (307行)
2026-07-17 19:24:51,499 [INFO] 読み込み完了: 売上伝票一覧_202411.xlsx (346行)
2026-07-17 19:24:52,756 [INFO] 読み込み完了: 売上伝票一覧_202412.xlsx (467行)
2026-07-17 19:24:53,798 [INFO] 読み込み完了: 売上伝票一覧_202501.xlsx (366行)
2026-07-17 19:24:54,835 [INFO] 読み込み完了: 売上伝票一覧_202502.xlsx (383行)
2026-07-17 19:24:56,303 [INFO] 読み込み完了: 売上伝票一覧_202503.xlsx (524行)
2026-07-17 19:24:57,271 [INFO] 読み込み完了: 売上伝票一覧_202504.xlsx (363行)
2026-07-17 19:24:58,200 [INFO] 読み込み完了: 売上伝票一覧_202505.xlsx (347行)
2026-07-17 19:24:59,067 [INFO] 読み込み完了: 売上伝票一覧_202506.xlsx (325行)
2026-07-17 19:25:00,099 [INFO] 読み込み完了: 売上伝票一覧_202507.xlsx (383行)
2026-07-17 19:25:01,251 [INFO] 読み込み完了: 売上伝票一覧_202508.xlsx (392行)
2026-07-17 19:25:02,440 [INFO] 読み込み完了: 売上伝票一覧_202509.xlsx (420行)
2026-07-17 19:25:03,420 [INFO] 読み込み完了: 売上伝票一覧_202510.xlsx (344行)
2026-07-17 19:25:04,382 [INFO] 読み込み完了: 売上伝票一覧_202511.xlsx (336行)
2026-07-17 19:25:05,594 [INFO] 読み込み完了: 売上伝票一覧_202512.xlsx (422行)
2026-07-17 19:25:06,583 [INFO] 読み込み完了: 売上伝票一覧_202601.xlsx (345行)
2026-07-17 19:25:07,524 [INFO] 読み込み完了: 売上伝票一覧_202602.xlsx (338行)
2026-07-17 19:25:08,519 [INFO] 読み込み完了: 売上伝票一覧_202603.xlsx (375行)
2026-07-17 19:25:09,386 [INFO] 読み込み完了: 売上伝票一覧_202604.xlsx (327行)
2026-07-17 19:25:10,223 [INFO] 読み込み完了: 売上伝票一覧_202605.xlsx (316行)
2026-07-17 19:25:11,088 [INFO] 読み込み完了: 売上伝票一覧_202606.xlsx (325行)
2026-07-17 19:25:14,245 [INFO] 一時テーブルへのロード完了: 8484行
2026-07-17 19:25:31,157 [INFO] MERGE完了
2026-07-17 19:25:31,293 [INFO] === Laurel by Snowdrop吉祥寺 完了 ===
2026-07-17 19:25:31,293 [INFO] === Laurel by Snowdrop 高円寺（laurel_snowdrop_koenji）の処理を開始 ===
2026-07-17 19:25:31,381 [INFO] 読み込み完了: 売上伝票一覧_202507.xlsx (18行)
2026-07-17 19:25:31,647 [INFO] 読み込み完了: 売上伝票一覧_202508.xlsx (88行)
2026-07-17 19:25:32,031 [INFO] 読み込み完了: 売上伝票一覧_202509.xlsx (126行)
2026-07-17 19:25:32,474 [INFO] 読み込み完了: 売上伝票一覧_202510.xlsx (147行)
2026-07-17 19:25:32,935 [INFO] 読み込み完了: 売上伝票一覧_202511.xlsx (146行)
2026-07-17 19:25:33,390 [INFO] 読み込み完了: 売上伝票一覧_202512.xlsx (149行)
2026-07-17 19:25:33,847 [INFO] 読み込み完了: 売上伝票一覧_202601.xlsx (151行)
2026-07-17 19:25:34,302 [INFO] 読み込み完了: 売上伝票一覧_202602.xlsx (150行)
2026-07-17 19:25:34,811 [INFO] 読み込み完了: 売上伝票一覧_202603.xlsx (169行)
2026-07-17 19:25:35,305 [INFO] 読み込み完了: 売上伝票一覧_202604.xlsx (166行)
2026-07-17 19:25:35,784 [INFO] 読み込み完了: 売上伝票一覧_202605.xlsx (158行)
2026-07-17 19:25:36,249 [INFO] 読み込み完了: 売上伝票一覧_202606.xlsx (152行)
2026-07-17 19:25:39,988 [INFO] 一時テーブルへのロード完了: 1620行
2026-07-17 19:25:52,066 [INFO] MERGE完了
2026-07-17 19:25:52,229 [INFO] === Laurel by Snowdrop 高円寺 完了 ===
2026-07-17 19:25:52,229 [INFO] === Laurel by Snowdrop 荻窪（laurel_snowdrop_ogikubo）の処理を開始 ===
2026-07-17 19:25:52,631 [INFO] 読み込み完了: 売上伝票一覧_202504.xlsx (129行)
2026-07-17 19:25:53,319 [INFO] 読み込み完了: 売上伝票一覧_202505.xlsx (217行)
2026-07-17 19:25:53,928 [INFO] 読み込み完了: 売上伝票一覧_202506.xlsx (222行)
2026-07-17 19:25:54,551 [INFO] 読み込み完了: 売上伝票一覧_202507.xlsx (228行)
2026-07-17 19:25:54,982 [INFO] 読み込み完了: 売上伝票一覧_202508.xlsx (150行)
2026-07-17 19:25:55,526 [INFO] 読み込み完了: 売上伝票一覧_202509.xlsx (197行)
2026-07-17 19:25:56,052 [INFO] 読み込み完了: 売上伝票一覧_202510.xlsx (191行)
2026-07-17 19:25:56,598 [INFO] 読み込み完了: 売上伝票一覧_202511.xlsx (198行)
2026-07-17 19:25:57,208 [INFO] 読み込み完了: 売上伝票一覧_202512.xlsx (222行)
2026-07-17 19:25:57,809 [INFO] 読み込み完了: 売上伝票一覧_202601.xlsx (203行)
2026-07-17 19:25:58,432 [INFO] 読み込み完了: 売上伝票一覧_202602.xlsx (209行)
2026-07-17 19:25:59,141 [INFO] 読み込み完了: 売上伝票一覧_202603.xlsx (226行)
2026-07-17 19:25:59,771 [INFO] 読み込み完了: 売上伝票一覧_202604.xlsx (210行)
2026-07-17 19:26:00,360 [INFO] 読み込み完了: 売上伝票一覧_202605.xlsx (202行)
2026-07-17 19:26:00,906 [INFO] 読み込み完了: 売上伝票一覧_202606.xlsx (187行)
2026-07-17 19:26:12,961 [INFO] 一時テーブルへのロード完了: 2991行
2026-07-17 19:26:26,460 [INFO] MERGE完了
2026-07-17 19:26:26,560 [INFO] === Laurel by Snowdrop 荻窪 完了 ===
2026-07-17 19:26:26,560 [INFO] === Laurel Yeux 藤沢店（laurel_yeux_fujisawa）の処理を開始 ===
2026-07-17 19:26:26,739 [INFO] 読み込み完了: 売上伝票一覧_202508.xlsx (40行)
2026-07-17 19:26:27,010 [INFO] 読み込み完了: 売上伝票一覧_202509.xlsx (72行)
2026-07-17 19:26:27,536 [INFO] 読み込み完了: 売上伝票一覧_202510.xlsx (162行)
2026-07-17 19:26:28,045 [INFO] 読み込み完了: 売上伝票一覧_202511.xlsx (162行)
2026-07-17 19:26:28,469 [INFO] 読み込み完了: 売上伝票一覧_202512.xlsx (135行)
2026-07-17 19:26:28,942 [INFO] 読み込み完了: 売上伝票一覧_202601.xlsx (160行)
2026-07-17 19:26:29,373 [INFO] 読み込み完了: 売上伝票一覧_202602.xlsx (141行)
2026-07-17 19:26:29,926 [INFO] 読み込み完了: 売上伝票一覧_202603.xlsx (192行)
2026-07-17 19:26:30,575 [INFO] 読み込み完了: 売上伝票一覧_202604.xlsx (236行)
2026-07-17 19:26:31,108 [INFO] 読み込み完了: 売上伝票一覧_202605.xlsx (186行)
2026-07-17 19:26:31,471 [INFO] 読み込み完了: 売上伝票一覧_202606.xlsx (123行)
2026-07-17 19:26:34,010 [INFO] 一時テーブルへのロード完了: 1609行
2026-07-17 19:26:46,868 [INFO] MERGE完了
2026-07-17 19:26:46,962 [INFO] === Laurel Yeux 藤沢店 完了 ===
2026-07-17 19:26:46,962 [INFO] === LUNA深沢店（luna_fukasawa）の処理を開始 ===
2026-07-17 19:26:47,946 [INFO] 読み込み完了: 売上伝票一覧_201507.xlsx (362行)
2026-07-17 19:26:48,887 [INFO] 読み込み完了: 売上伝票一覧_201508.xlsx (352行)
2026-07-17 19:26:49,728 [INFO] 読み込み完了: 売上伝票一覧_201509.xlsx (305行)
2026-07-17 19:26:50,717 [INFO] 読み込み完了: 売上伝票一覧_201510.xlsx (349行)
2026-07-17 19:26:51,719 [INFO] 読み込み完了: 売上伝票一覧_201511.xlsx (353行)
2026-07-17 19:26:52,930 [INFO] 読み込み完了: 売上伝票一覧_201512.xlsx (430行)
2026-07-17 19:26:53,771 [INFO] 読み込み完了: 売上伝票一覧_201601.xlsx (291行)
2026-07-17 19:26:54,674 [INFO] 読み込み完了: 売上伝票一覧_201602.xlsx (315行)
2026-07-17 19:26:55,834 [INFO] 読み込み完了: 売上伝票一覧_201603.xlsx (413行)
2026-07-17 19:26:56,828 [INFO] 読み込み完了: 売上伝票一覧_201604.xlsx (375行)
2026-07-17 19:26:57,900 [INFO] 読み込み完了: 売上伝票一覧_201605.xlsx (408行)
2026-07-17 19:26:58,946 [INFO] 読み込み完了: 売上伝票一覧_201606.xlsx (375行)
2026-07-17 19:27:00,052 [INFO] 読み込み完了: 売上伝票一覧_201607.xlsx (419行)
2026-07-17 19:27:01,080 [INFO] 読み込み完了: 売上伝票一覧_201608.xlsx (369行)
2026-07-17 19:27:02,009 [INFO] 読み込み完了: 売上伝票一覧_201609.xlsx (326行)
2026-07-17 19:27:03,070 [INFO] 読み込み完了: 売上伝票一覧_201610.xlsx (377行)
2026-07-17 19:27:03,975 [INFO] 読み込み完了: 売上伝票一覧_201611.xlsx (311行)
2026-07-17 19:27:05,194 [INFO] 読み込み完了: 売上伝票一覧_201612.xlsx (427行)
2026-07-17 19:27:06,020 [INFO] 読み込み完了: 売上伝票一覧_201701.xlsx (285行)
2026-07-17 19:27:06,946 [INFO] 読み込み完了: 売上伝票一覧_201702.xlsx (342行)
2026-07-17 19:27:08,022 [INFO] 読み込み完了: 売上伝票一覧_201703.xlsx (406行)
2026-07-17 19:27:09,063 [INFO] 読み込み完了: 売上伝票一覧_201704.xlsx (382行)
2026-07-17 19:27:10,114 [INFO] 読み込み完了: 売上伝票一覧_201705.xlsx (370行)
2026-07-17 19:27:11,181 [INFO] 読み込み完了: 売上伝票一覧_201706.xlsx (380行)
2026-07-17 19:27:12,276 [INFO] 読み込み完了: 売上伝票一覧_201707.xlsx (389行)
2026-07-17 19:27:13,288 [INFO] 読み込み完了: 売上伝票一覧_201708.xlsx (345行)
2026-07-17 19:27:14,287 [INFO] 読み込み完了: 売上伝票一覧_201709.xlsx (347行)
2026-07-17 19:27:15,251 [INFO] 読み込み完了: 売上伝票一覧_201710.xlsx (338行)
2026-07-17 19:27:16,204 [INFO] 読み込み完了: 売上伝票一覧_201711.xlsx (334行)
2026-07-17 19:27:17,197 [INFO] 読み込み完了: 売上伝票一覧_201712.xlsx (376行)
2026-07-17 19:27:17,931 [INFO] 読み込み完了: 売上伝票一覧_201801.xlsx (261行)
2026-07-17 19:27:18,690 [INFO] 読み込み完了: 売上伝票一覧_201802.xlsx (272行)
2026-07-17 19:27:19,597 [INFO] 読み込み完了: 売上伝票一覧_201803.xlsx (334行)
2026-07-17 19:27:20,406 [INFO] 読み込み完了: 売上伝票一覧_201804.xlsx (300行)
2026-07-17 19:27:21,227 [INFO] 読み込み完了: 売上伝票一覧_201805.xlsx (286行)
2026-07-17 19:27:22,094 [INFO] 読み込み完了: 売上伝票一覧_201806.xlsx (292行)
2026-07-17 19:27:22,957 [INFO] 読み込み完了: 売上伝票一覧_201807.xlsx (309行)
2026-07-17 19:27:23,784 [INFO] 読み込み完了: 売上伝票一覧_201808.xlsx (291行)
2026-07-17 19:27:24,581 [INFO] 読み込み完了: 売上伝票一覧_201809.xlsx (282行)
2026-07-17 19:27:25,446 [INFO] 読み込み完了: 売上伝票一覧_201810.xlsx (299行)
2026-07-17 19:27:26,267 [INFO] 読み込み完了: 売上伝票一覧_201811.xlsx (265行)
2026-07-17 19:27:27,225 [INFO] 読み込み完了: 売上伝票一覧_201812.xlsx (312行)
2026-07-17 19:27:27,890 [INFO] 読み込み完了: 売上伝票一覧_201901.xlsx (240行)
2026-07-17 19:27:28,601 [INFO] 読み込み完了: 売上伝票一覧_201902.xlsx (216行)
2026-07-17 19:27:29,450 [INFO] 読み込み完了: 売上伝票一覧_201903.xlsx (283行)
2026-07-17 19:27:30,157 [INFO] 読み込み完了: 売上伝票一覧_201904.xlsx (251行)
2026-07-17 19:27:30,843 [INFO] 読み込み完了: 売上伝票一覧_201905.xlsx (247行)
2026-07-17 19:27:31,552 [INFO] 読み込み完了: 売上伝票一覧_201906.xlsx (258行)
2026-07-17 19:27:32,327 [INFO] 読み込み完了: 売上伝票一覧_201907.xlsx (253行)
2026-07-17 19:27:33,075 [INFO] 読み込み完了: 売上伝票一覧_201908.xlsx (240行)
2026-07-17 19:27:33,775 [INFO] 読み込み完了: 売上伝票一覧_201909.xlsx (236行)
2026-07-17 19:27:34,441 [INFO] 読み込み完了: 売上伝票一覧_201910.xlsx (229行)
2026-07-17 19:27:35,093 [INFO] 読み込み完了: 売上伝票一覧_201911.xlsx (217行)
2026-07-17 19:27:35,903 [INFO] 読み込み完了: 売上伝票一覧_201912.xlsx (251行)
2026-07-17 19:27:36,615 [INFO] 読み込み完了: 売上伝票一覧_202001.xlsx (215行)
2026-07-17 19:27:37,325 [INFO] 読み込み完了: 売上伝票一覧_202002.xlsx (214行)
2026-07-17 19:27:37,997 [INFO] 読み込み完了: 売上伝票一覧_202003.xlsx (215行)
2026-07-17 19:27:38,364 [INFO] 読み込み完了: 売上伝票一覧_202004.xlsx (125行)
2026-07-17 19:27:39,039 [INFO] 読み込み完了: 売上伝票一覧_202005.xlsx (232行)
2026-07-17 19:27:39,698 [INFO] 読み込み完了: 売上伝票一覧_202006.xlsx (230行)
2026-07-17 19:27:40,388 [INFO] 読み込み完了: 売上伝票一覧_202007.xlsx (237行)
2026-07-17 19:27:41,071 [INFO] 読み込み完了: 売上伝票一覧_202008.xlsx (238行)
2026-07-17 19:27:41,721 [INFO] 読み込み完了: 売上伝票一覧_202009.xlsx (219行)
2026-07-17 19:27:42,561 [INFO] 読み込み完了: 売上伝票一覧_202010.xlsx (257行)
2026-07-17 19:27:43,340 [INFO] 読み込み完了: 売上伝票一覧_202011.xlsx (244行)
2026-07-17 19:27:44,323 [INFO] 読み込み完了: 売上伝票一覧_202012.xlsx (259行)
2026-07-17 19:27:45,001 [INFO] 読み込み完了: 売上伝票一覧_202101.xlsx (212行)
2026-07-17 19:27:45,707 [INFO] 読み込み完了: 売上伝票一覧_202102.xlsx (221行)
2026-07-17 19:27:46,596 [INFO] 読み込み完了: 売上伝票一覧_202103.xlsx (265行)
2026-07-17 19:27:47,335 [INFO] 読み込み完了: 売上伝票一覧_202104.xlsx (234行)
2026-07-17 19:27:48,109 [INFO] 読み込み完了: 売上伝票一覧_202105.xlsx (253行)
2026-07-17 19:27:48,906 [INFO] 読み込み完了: 売上伝票一覧_202106.xlsx (244行)
2026-07-17 19:27:49,651 [INFO] 読み込み完了: 売上伝票一覧_202107.xlsx (257行)
2026-07-17 19:27:50,405 [INFO] 読み込み完了: 売上伝票一覧_202108.xlsx (226行)
2026-07-17 19:27:51,101 [INFO] 読み込み完了: 売上伝票一覧_202109.xlsx (235行)
2026-07-17 19:27:51,848 [INFO] 読み込み完了: 売上伝票一覧_202110.xlsx (256行)
2026-07-17 19:27:52,522 [INFO] 読み込み完了: 売上伝票一覧_202111.xlsx (239行)
2026-07-17 19:27:53,328 [INFO] 読み込み完了: 売上伝票一覧_202112.xlsx (285行)
2026-07-17 19:27:54,034 [INFO] 読み込み完了: 売上伝票一覧_202201.xlsx (234行)
2026-07-17 19:27:54,713 [INFO] 読み込み完了: 売上伝票一覧_202202.xlsx (216行)
2026-07-17 19:27:55,594 [INFO] 読み込み完了: 売上伝票一覧_202203.xlsx (277行)
2026-07-17 19:27:56,333 [INFO] 読み込み完了: 売上伝票一覧_202204.xlsx (252行)
2026-07-17 19:27:57,092 [INFO] 読み込み完了: 売上伝票一覧_202205.xlsx (264行)
2026-07-17 19:27:57,871 [INFO] 読み込み完了: 売上伝票一覧_202206.xlsx (263行)
2026-07-17 19:27:58,695 [INFO] 読み込み完了: 売上伝票一覧_202207.xlsx (262行)
2026-07-17 19:27:59,509 [INFO] 読み込み完了: 売上伝票一覧_202208.xlsx (261行)
2026-07-17 19:28:00,257 [INFO] 読み込み完了: 売上伝票一覧_202209.xlsx (274行)
2026-07-17 19:28:01,009 [INFO] 読み込み完了: 売上伝票一覧_202210.xlsx (286行)
2026-07-17 19:28:01,640 [INFO] 読み込み完了: 売上伝票一覧_202211.xlsx (242行)
2026-07-17 19:28:02,500 [INFO] 読み込み完了: 売上伝票一覧_202212.xlsx (332行)
2026-07-17 19:28:03,162 [INFO] 読み込み完了: 売上伝票一覧_202301.xlsx (249行)
2026-07-17 19:28:03,869 [INFO] 読み込み完了: 売上伝票一覧_202302.xlsx (268行)
2026-07-17 19:28:04,758 [INFO] 読み込み完了: 売上伝票一覧_202303.xlsx (328行)
2026-07-17 19:28:05,591 [INFO] 読み込み完了: 売上伝票一覧_202304.xlsx (304行)
2026-07-17 19:28:06,443 [INFO] 読み込み完了: 売上伝票一覧_202305.xlsx (310行)
2026-07-17 19:28:07,345 [INFO] 読み込み完了: 売上伝票一覧_202306.xlsx (330行)
2026-07-17 19:28:08,288 [INFO] 読み込み完了: 売上伝票一覧_202307.xlsx (346行)
2026-07-17 19:28:09,126 [INFO] 読み込み完了: 売上伝票一覧_202308.xlsx (302行)
2026-07-17 19:28:09,983 [INFO] 読み込み完了: 売上伝票一覧_202309.xlsx (314行)
2026-07-17 19:28:10,768 [INFO] 読み込み完了: 売上伝票一覧_202310.xlsx (301行)
2026-07-17 19:28:11,572 [INFO] 読み込み完了: 売上伝票一覧_202311.xlsx (313行)
2026-07-17 19:28:12,500 [INFO] 読み込み完了: 売上伝票一覧_202312.xlsx (364行)
2026-07-17 19:28:13,231 [INFO] 読み込み完了: 売上伝票一覧_202401.xlsx (283行)
2026-07-17 19:28:14,010 [INFO] 読み込み完了: 売上伝票一覧_202402.xlsx (301行)
2026-07-17 19:28:14,987 [INFO] 読み込み完了: 売上伝票一覧_202403.xlsx (388行)
2026-07-17 19:28:15,909 [INFO] 読み込み完了: 売上伝票一覧_202404.xlsx (338行)
2026-07-17 19:28:16,786 [INFO] 読み込み完了: 売上伝票一覧_202405.xlsx (320行)
2026-07-17 19:28:17,817 [INFO] 読み込み完了: 売上伝票一覧_202406.xlsx (381行)
2026-07-17 19:28:18,768 [INFO] 読み込み完了: 売上伝票一覧_202407.xlsx (348行)
2026-07-17 19:28:19,758 [INFO] 読み込み完了: 売上伝票一覧_202408.xlsx (360行)
2026-07-17 19:28:20,693 [INFO] 読み込み完了: 売上伝票一覧_202409.xlsx (347行)
2026-07-17 19:28:21,586 [INFO] 読み込み完了: 売上伝票一覧_202410.xlsx (347行)
2026-07-17 19:28:22,421 [INFO] 読み込み完了: 売上伝票一覧_202411.xlsx (323行)
2026-07-17 19:28:23,413 [INFO] 読み込み完了: 売上伝票一覧_202412.xlsx (386行)
2026-07-17 19:28:24,207 [INFO] 読み込み完了: 売上伝票一覧_202501.xlsx (309行)
2026-07-17 19:28:24,979 [INFO] 読み込み完了: 売上伝票一覧_202502.xlsx (299行)
2026-07-17 19:28:26,036 [INFO] 読み込み完了: 売上伝票一覧_202503.xlsx (407行)
2026-07-17 19:28:27,019 [INFO] 読み込み完了: 売上伝票一覧_202504.xlsx (358行)
2026-07-17 19:28:28,038 [INFO] 読み込み完了: 売上伝票一覧_202505.xlsx (377行)
2026-07-17 19:28:29,148 [INFO] 読み込み完了: 売上伝票一覧_202506.xlsx (405行)
2026-07-17 19:28:30,230 [INFO] 読み込み完了: 売上伝票一覧_202507.xlsx (393行)
2026-07-17 19:28:31,335 [INFO] 読み込み完了: 売上伝票一覧_202508.xlsx (405行)
2026-07-17 19:28:32,233 [INFO] 読み込み完了: 売上伝票一覧_202509.xlsx (344行)
2026-07-17 19:28:33,158 [INFO] 読み込み完了: 売上伝票一覧_202510.xlsx (362行)
2026-07-17 19:28:34,084 [INFO] 読み込み完了: 売上伝票一覧_202511.xlsx (356行)
2026-07-17 19:28:35,258 [INFO] 読み込み完了: 売上伝票一覧_202512.xlsx (447行)
2026-07-17 19:28:36,132 [INFO] 読み込み完了: 売上伝票一覧_202601.xlsx (327行)
2026-07-17 19:28:37,063 [INFO] 読み込み完了: 売上伝票一覧_202602.xlsx (329行)
2026-07-17 19:28:38,187 [INFO] 読み込み完了: 売上伝票一覧_202603.xlsx (429行)
2026-07-17 19:28:39,305 [INFO] 読み込み完了: 売上伝票一覧_202604.xlsx (419行)
2026-07-17 19:28:40,365 [INFO] 読み込み完了: 売上伝票一覧_202605.xlsx (400行)
2026-07-17 19:28:41,397 [INFO] 読み込み完了: 売上伝票一覧_202606.xlsx (381行)
2026-07-17 19:28:45,258 [INFO] 一時テーブルへのロード完了: 40648行
2026-07-17 19:29:23,807 [INFO] MERGE完了
2026-07-17 19:29:23,949 [INFO] === LUNA深沢店 完了 ===
2026-07-17 19:29:23,949 [INFO] === LUNA大船店（luna_ofuna）の処理を開始 ===
2026-07-17 19:29:25,593 [INFO] 読み込み完了: 売上伝票一覧_201507.xlsx (646行)
2026-07-17 19:29:27,022 [INFO] 読み込み完了: 売上伝票一覧_201508.xlsx (573行)
2026-07-17 19:29:28,495 [INFO] 読み込み完了: 売上伝票一覧_201509.xlsx (565行)
2026-07-17 19:29:30,081 [INFO] 読み込み完了: 売上伝票一覧_201510.xlsx (583行)
2026-07-17 19:29:31,650 [INFO] 読み込み完了: 売上伝票一覧_201511.xlsx (578行)
2026-07-17 19:29:33,514 [INFO] 読み込み完了: 売上伝票一覧_201512.xlsx (682行)
2026-07-17 19:29:34,895 [INFO] 読み込み完了: 売上伝票一覧_201601.xlsx (555行)
2026-07-17 19:29:36,376 [INFO] 読み込み完了: 売上伝票一覧_201602.xlsx (588行)
2026-07-17 19:29:38,190 [INFO] 読み込み完了: 売上伝票一覧_201603.xlsx (722行)
2026-07-17 19:29:39,925 [INFO] 読み込み完了: 売上伝票一覧_201604.xlsx (643行)
2026-07-17 19:29:41,637 [INFO] 読み込み完了: 売上伝票一覧_201605.xlsx (630行)
2026-07-17 19:29:43,285 [INFO] 読み込み完了: 売上伝票一覧_201606.xlsx (619行)
2026-07-17 19:29:45,045 [INFO] 読み込み完了: 売上伝票一覧_201607.xlsx (689行)
2026-07-17 19:29:46,695 [INFO] 読み込み完了: 売上伝票一覧_201608.xlsx (662行)
2026-07-17 19:29:48,163 [INFO] 読み込み完了: 売上伝票一覧_201609.xlsx (596行)
2026-07-17 19:29:49,883 [INFO] 読み込み完了: 売上伝票一覧_201610.xlsx (661行)
2026-07-17 19:29:51,463 [INFO] 読み込み完了: 売上伝票一覧_201611.xlsx (587行)
2026-07-17 19:29:53,282 [INFO] 読み込み完了: 売上伝票一覧_201612.xlsx (682行)
2026-07-17 19:29:54,894 [INFO] 読み込み完了: 売上伝票一覧_201701.xlsx (604行)
2026-07-17 19:29:56,320 [INFO] 読み込み完了: 売上伝票一覧_201702.xlsx (573行)
2026-07-17 19:29:57,866 [INFO] 読み込み完了: 売上伝票一覧_201703.xlsx (627行)
2026-07-17 19:29:59,453 [INFO] 読み込み完了: 売上伝票一覧_201704.xlsx (638行)
2026-07-17 19:30:01,215 [INFO] 読み込み完了: 売上伝票一覧_201705.xlsx (660行)
2026-07-17 19:30:02,748 [INFO] 読み込み完了: 売上伝票一覧_201706.xlsx (567行)
2026-07-17 19:30:04,592 [INFO] 読み込み完了: 売上伝票一覧_201707.xlsx (694行)
2026-07-17 19:30:06,060 [INFO] 読み込み完了: 売上伝票一覧_201708.xlsx (569行)
2026-07-17 19:30:07,420 [INFO] 読み込み完了: 売上伝票一覧_201709.xlsx (520行)
2026-07-17 19:30:08,723 [INFO] 読み込み完了: 売上伝票一覧_201710.xlsx (523行)
2026-07-17 19:30:10,049 [INFO] 読み込み完了: 売上伝票一覧_201711.xlsx (536行)
2026-07-17 19:30:11,605 [INFO] 読み込み完了: 売上伝票一覧_201712.xlsx (570行)
2026-07-17 19:30:12,859 [INFO] 読み込み完了: 売上伝票一覧_201801.xlsx (466行)
2026-07-17 19:30:14,102 [INFO] 読み込み完了: 売上伝票一覧_201802.xlsx (459行)
2026-07-17 19:30:15,635 [INFO] 読み込み完了: 売上伝票一覧_201803.xlsx (575行)
2026-07-17 19:30:17,079 [INFO] 読み込み完了: 売上伝票一覧_201804.xlsx (582行)
2026-07-17 19:30:18,438 [INFO] 読み込み完了: 売上伝票一覧_201805.xlsx (541行)
2026-07-17 19:30:19,912 [INFO] 読み込み完了: 売上伝票一覧_201806.xlsx (595行)
2026-07-17 19:30:21,521 [INFO] 読み込み完了: 売上伝票一覧_201807.xlsx (610行)
2026-07-17 19:30:23,217 [INFO] 読み込み完了: 売上伝票一覧_201808.xlsx (619行)
2026-07-17 19:30:24,675 [INFO] 読み込み完了: 売上伝票一覧_201809.xlsx (542行)
2026-07-17 19:30:26,135 [INFO] 読み込み完了: 売上伝票一覧_201810.xlsx (542行)
2026-07-17 19:30:27,478 [INFO] 読み込み完了: 売上伝票一覧_201811.xlsx (534行)
2026-07-17 19:30:28,956 [INFO] 読み込み完了: 売上伝票一覧_201812.xlsx (593行)
2026-07-17 19:30:30,200 [INFO] 読み込み完了: 売上伝票一覧_201901.xlsx (504行)
2026-07-17 19:30:31,389 [INFO] 読み込み完了: 売上伝票一覧_201902.xlsx (464行)
2026-07-17 19:30:32,919 [INFO] 読み込み完了: 売上伝票一覧_201903.xlsx (573行)
2026-07-17 19:30:34,209 [INFO] 読み込み完了: 売上伝票一覧_201904.xlsx (480行)
2026-07-17 19:30:35,601 [INFO] 読み込み完了: 売上伝票一覧_201905.xlsx (520行)
2026-07-17 19:30:37,133 [INFO] 読み込み完了: 売上伝票一覧_201906.xlsx (559行)
2026-07-17 19:30:38,579 [INFO] 読み込み完了: 売上伝票一覧_201907.xlsx (581行)
2026-07-17 19:30:39,985 [INFO] 読み込み完了: 売上伝票一覧_201908.xlsx (567行)
2026-07-17 19:30:41,261 [INFO] 読み込み完了: 売上伝票一覧_201909.xlsx (513行)
2026-07-17 19:30:42,530 [INFO] 読み込み完了: 売上伝票一覧_201910.xlsx (470行)
2026-07-17 19:30:43,863 [INFO] 読み込み完了: 売上伝票一覧_201911.xlsx (487行)
2026-07-17 19:30:45,397 [INFO] 読み込み完了: 売上伝票一覧_201912.xlsx (550行)
2026-07-17 19:30:46,708 [INFO] 読み込み完了: 売上伝票一覧_202001.xlsx (471行)
2026-07-17 19:30:47,872 [INFO] 読み込み完了: 売上伝票一覧_202002.xlsx (435行)
2026-07-17 19:30:48,901 [INFO] 読み込み完了: 売上伝票一覧_202003.xlsx (398行)
2026-07-17 19:30:49,460 [INFO] 読み込み完了: 売上伝票一覧_202004.xlsx (211行)
2026-07-17 19:30:50,533 [INFO] 読み込み完了: 売上伝票一覧_202005.xlsx (427行)
2026-07-17 19:30:51,609 [INFO] 読み込み完了: 売上伝票一覧_202006.xlsx (429行)
2026-07-17 19:30:52,791 [INFO] 読み込み完了: 売上伝票一覧_202007.xlsx (451行)
2026-07-17 19:30:54,008 [INFO] 読み込み完了: 売上伝票一覧_202008.xlsx (440行)
2026-07-17 19:30:55,127 [INFO] 読み込み完了: 売上伝票一覧_202009.xlsx (396行)
2026-07-17 19:30:56,372 [INFO] 読み込み完了: 売上伝票一覧_202010.xlsx (447行)
2026-07-17 19:30:57,513 [INFO] 読み込み完了: 売上伝票一覧_202011.xlsx (389行)
2026-07-17 19:30:58,745 [INFO] 読み込み完了: 売上伝票一覧_202012.xlsx (466行)
2026-07-17 19:30:59,778 [INFO] 読み込み完了: 売上伝票一覧_202101.xlsx (404行)
2026-07-17 19:31:00,945 [INFO] 読み込み完了: 売上伝票一覧_202102.xlsx (464行)
2026-07-17 19:31:02,303 [INFO] 読み込み完了: 売上伝票一覧_202103.xlsx (538行)
2026-07-17 19:31:03,652 [INFO] 読み込み完了: 売上伝票一覧_202104.xlsx (510行)
2026-07-17 19:31:05,181 [INFO] 読み込み完了: 売上伝票一覧_202105.xlsx (554行)
2026-07-17 19:31:06,772 [INFO] 読み込み完了: 売上伝票一覧_202106.xlsx (567行)
2026-07-17 19:31:08,720 [INFO] 読み込み完了: 売上伝票一覧_202107.xlsx (711行)
2026-07-17 19:31:10,382 [INFO] 読み込み完了: 売上伝票一覧_202108.xlsx (657行)
2026-07-17 19:31:11,955 [INFO] 読み込み完了: 売上伝票一覧_202109.xlsx (636行)
2026-07-17 19:31:13,618 [INFO] 読み込み完了: 売上伝票一覧_202110.xlsx (668行)
2026-07-17 19:31:15,299 [INFO] 読み込み完了: 売上伝票一覧_202111.xlsx (615行)
2026-07-17 19:31:17,275 [INFO] 読み込み完了: 売上伝票一覧_202112.xlsx (728行)
2026-07-17 19:31:18,868 [INFO] 読み込み完了: 売上伝票一覧_202201.xlsx (578行)
2026-07-17 19:31:20,267 [INFO] 読み込み完了: 売上伝票一覧_202202.xlsx (543行)
2026-07-17 19:31:21,758 [INFO] 読み込み完了: 売上伝票一覧_202203.xlsx (601行)
2026-07-17 19:31:23,159 [INFO] 読み込み完了: 売上伝票一覧_202204.xlsx (560行)
2026-07-17 19:31:24,707 [INFO] 読み込み完了: 売上伝票一覧_202205.xlsx (599行)
2026-07-17 19:31:26,445 [INFO] 読み込み完了: 売上伝票一覧_202206.xlsx (644行)
2026-07-17 19:31:28,370 [INFO] 読み込み完了: 売上伝票一覧_202207.xlsx (714行)
2026-07-17 19:31:30,061 [INFO] 読み込み完了: 売上伝票一覧_202208.xlsx (626行)
2026-07-17 19:31:31,633 [INFO] 読み込み完了: 売上伝票一覧_202209.xlsx (625行)
2026-07-17 19:31:33,218 [INFO] 読み込み完了: 売上伝票一覧_202210.xlsx (646行)
2026-07-17 19:31:34,687 [INFO] 読み込み完了: 売上伝票一覧_202211.xlsx (599行)
2026-07-17 19:31:36,638 [INFO] 読み込み完了: 売上伝票一覧_202212.xlsx (738行)
2026-07-17 19:31:38,293 [INFO] 読み込み完了: 売上伝票一覧_202301.xlsx (615行)
2026-07-17 19:31:39,841 [INFO] 読み込み完了: 売上伝票一覧_202302.xlsx (580行)
2026-07-17 19:31:41,775 [INFO] 読み込み完了: 売上伝票一覧_202303.xlsx (725行)
2026-07-17 19:31:43,341 [INFO] 読み込み完了: 売上伝票一覧_202304.xlsx (629行)
2026-07-17 19:31:44,793 [INFO] 読み込み完了: 売上伝票一覧_202305.xlsx (583行)
2026-07-17 19:31:46,238 [INFO] 読み込み完了: 売上伝票一覧_202306.xlsx (556行)
2026-07-17 19:31:47,830 [INFO] 読み込み完了: 売上伝票一覧_202307.xlsx (604行)
2026-07-17 19:31:49,474 [INFO] 読み込み完了: 売上伝票一覧_202308.xlsx (588行)
2026-07-17 19:31:50,982 [INFO] 読み込み完了: 売上伝票一覧_202309.xlsx (555行)
2026-07-17 19:31:52,326 [INFO] 読み込み完了: 売上伝票一覧_202310.xlsx (535行)
2026-07-17 19:31:53,607 [INFO] 読み込み完了: 売上伝票一覧_202311.xlsx (511行)
2026-07-17 19:31:55,153 [INFO] 読み込み完了: 売上伝票一覧_202312.xlsx (631行)
2026-07-17 19:31:56,579 [INFO] 読み込み完了: 売上伝票一覧_202401.xlsx (551行)
2026-07-17 19:31:58,047 [INFO] 読み込み完了: 売上伝票一覧_202402.xlsx (552行)
2026-07-17 19:31:59,744 [INFO] 読み込み完了: 売上伝票一覧_202403.xlsx (639行)
2026-07-17 19:32:01,313 [INFO] 読み込み完了: 売上伝票一覧_202404.xlsx (588行)
2026-07-17 19:32:02,851 [INFO] 読み込み完了: 売上伝票一覧_202405.xlsx (615行)
2026-07-17 19:32:04,390 [INFO] 読み込み完了: 売上伝票一覧_202406.xlsx (619行)
2026-07-17 19:32:05,932 [INFO] 読み込み完了: 売上伝票一覧_202407.xlsx (623行)
2026-07-17 19:32:07,662 [INFO] 読み込み完了: 売上伝票一覧_202408.xlsx (654行)
2026-07-17 19:32:09,245 [INFO] 読み込み完了: 売上伝票一覧_202409.xlsx (593行)
2026-07-17 19:32:10,981 [INFO] 読み込み完了: 売上伝票一覧_202410.xlsx (645行)
2026-07-17 19:32:12,610 [INFO] 読み込み完了: 売上伝票一覧_202411.xlsx (604行)
2026-07-17 19:32:14,418 [INFO] 読み込み完了: 売上伝票一覧_202412.xlsx (731行)
2026-07-17 19:32:15,758 [INFO] 読み込み完了: 売上伝票一覧_202501.xlsx (547行)
2026-07-17 19:32:17,144 [INFO] 読み込み完了: 売上伝票一覧_202502.xlsx (553行)
2026-07-17 19:32:18,907 [INFO] 読み込み完了: 売上伝票一覧_202503.xlsx (670行)
2026-07-17 19:32:20,507 [INFO] 読み込み完了: 売上伝票一覧_202504.xlsx (604行)
2026-07-17 19:32:22,163 [INFO] 読み込み完了: 売上伝票一覧_202505.xlsx (645行)
2026-07-17 19:32:23,788 [INFO] 読み込み完了: 売上伝票一覧_202506.xlsx (604行)
2026-07-17 19:32:25,333 [INFO] 読み込み完了: 売上伝票一覧_202507.xlsx (621行)
2026-07-17 19:32:26,888 [INFO] 読み込み完了: 売上伝票一覧_202508.xlsx (627行)
2026-07-17 19:32:28,294 [INFO] 読み込み完了: 売上伝票一覧_202509.xlsx (566行)
2026-07-17 19:32:29,831 [INFO] 読み込み完了: 売上伝票一覧_202510.xlsx (579行)
2026-07-17 19:32:31,337 [INFO] 読み込み完了: 売上伝票一覧_202511.xlsx (559行)
2026-07-17 19:32:33,155 [INFO] 読み込み完了: 売上伝票一覧_202512.xlsx (677行)
2026-07-17 19:32:34,539 [INFO] 読み込み完了: 売上伝票一覧_202601.xlsx (553行)
2026-07-17 19:32:35,890 [INFO] 読み込み完了: 売上伝票一覧_202602.xlsx (543行)
2026-07-17 19:32:37,521 [INFO] 読み込み完了: 売上伝票一覧_202603.xlsx (658行)
2026-07-17 19:32:39,034 [INFO] 読み込み完了: 売上伝票一覧_202604.xlsx (582行)
2026-07-17 19:32:40,771 [INFO] 読み込み完了: 売上伝票一覧_202605.xlsx (631行)
2026-07-17 19:32:42,382 [INFO] 読み込み完了: 売上伝票一覧_202606.xlsx (606行)
2026-07-17 19:32:48,212 [INFO] 一時テーブルへのロード完了: 76104行
2026-07-17 19:33:47,316 [INFO] MERGE完了
2026-07-17 19:33:47,459 [INFO] === LUNA大船店 完了 ===
2026-07-17 19:33:47,460 [INFO] === TIARA 桜木町（tiara_sakuragicho）の処理を開始 ===
2026-07-17 19:33:47,610 [INFO] 読み込み完了: 売上伝票一覧_202104.xlsx (44行)
2026-07-17 19:33:48,721 [INFO] 読み込み完了: 売上伝票一覧_202105.xlsx (447行)
2026-07-17 19:33:49,870 [INFO] 読み込み完了: 売上伝票一覧_202106.xlsx (461行)
2026-07-17 19:33:51,109 [INFO] 読み込み完了: 売上伝票一覧_202107.xlsx (494行)
2026-07-17 19:33:52,510 [INFO] 読み込み完了: 売上伝票一覧_202108.xlsx (524行)
2026-07-17 19:33:53,964 [INFO] 読み込み完了: 売上伝票一覧_202109.xlsx (543行)
2026-07-17 19:33:55,523 [INFO] 読み込み完了: 売上伝票一覧_202110.xlsx (586行)
2026-07-17 19:33:56,957 [INFO] 読み込み完了: 売上伝票一覧_202111.xlsx (539行)
2026-07-17 19:33:58,455 [INFO] 読み込み完了: 売上伝票一覧_202112.xlsx (596行)
2026-07-17 19:33:59,615 [INFO] 読み込み完了: 売上伝票一覧_202201.xlsx (463行)
2026-07-17 19:34:00,827 [INFO] 読み込み完了: 売上伝票一覧_202202.xlsx (484行)
2026-07-17 19:34:02,115 [INFO] 読み込み完了: 売上伝票一覧_202203.xlsx (500行)
2026-07-17 19:34:03,524 [INFO] 読み込み完了: 売上伝票一覧_202204.xlsx (527行)
2026-07-17 19:34:04,953 [INFO] 読み込み完了: 売上伝票一覧_202205.xlsx (533行)
2026-07-17 19:34:06,392 [INFO] 読み込み完了: 売上伝票一覧_202206.xlsx (540行)
2026-07-17 19:34:07,918 [INFO] 読み込み完了: 売上伝票一覧_202207.xlsx (571行)
2026-07-17 19:34:09,309 [INFO] 読み込み完了: 売上伝票一覧_202208.xlsx (553行)
2026-07-17 19:34:10,581 [INFO] 読み込み完了: 売上伝票一覧_202209.xlsx (507行)
2026-07-17 19:34:11,989 [INFO] 読み込み完了: 売上伝票一覧_202210.xlsx (567行)
2026-07-17 19:34:13,337 [INFO] 読み込み完了: 売上伝票一覧_202211.xlsx (519行)
2026-07-17 19:34:15,350 [INFO] 読み込み完了: 売上伝票一覧_202212.xlsx (762行)
2026-07-17 19:34:16,884 [INFO] 読み込み完了: 売上伝票一覧_202301.xlsx (576行)
2026-07-17 19:34:18,334 [INFO] 読み込み完了: 売上伝票一覧_202302.xlsx (543行)
2026-07-17 19:34:19,996 [INFO] 読み込み完了: 売上伝票一覧_202303.xlsx (673行)
2026-07-17 19:34:21,677 [INFO] 読み込み完了: 売上伝票一覧_202304.xlsx (671行)
2026-07-17 19:34:23,328 [INFO] 読み込み完了: 売上伝票一覧_202305.xlsx (645行)
2026-07-17 19:34:24,859 [INFO] 読み込み完了: 売上伝票一覧_202306.xlsx (573行)
2026-07-17 19:34:26,632 [INFO] 読み込み完了: 売上伝票一覧_202307.xlsx (638行)
2026-07-17 19:34:28,422 [INFO] 読み込み完了: 売上伝票一覧_202308.xlsx (663行)
2026-07-17 19:34:30,054 [INFO] 読み込み完了: 売上伝票一覧_202309.xlsx (652行)
2026-07-17 19:34:31,651 [INFO] 読み込み完了: 売上伝票一覧_202310.xlsx (650行)
2026-07-17 19:34:33,130 [INFO] 読み込み完了: 売上伝票一覧_202311.xlsx (601行)
2026-07-17 19:34:35,322 [INFO] 読み込み完了: 売上伝票一覧_202312.xlsx (851行)
2026-07-17 19:34:36,625 [INFO] 読み込み完了: 売上伝票一覧_202401.xlsx (486行)
2026-07-17 19:34:38,066 [INFO] 読み込み完了: 売上伝票一覧_202402.xlsx (536行)
2026-07-17 19:34:39,467 [INFO] 読み込み完了: 売上伝票一覧_202403.xlsx (520行)
2026-07-17 19:34:40,724 [INFO] 読み込み完了: 売上伝票一覧_202404.xlsx (500行)
2026-07-17 19:34:42,047 [INFO] 読み込み完了: 売上伝票一覧_202405.xlsx (521行)
2026-07-17 19:34:43,359 [INFO] 読み込み完了: 売上伝票一覧_202406.xlsx (525行)
2026-07-17 19:34:44,683 [INFO] 読み込み完了: 売上伝票一覧_202407.xlsx (506行)
2026-07-17 19:34:46,054 [INFO] 読み込み完了: 売上伝票一覧_202408.xlsx (502行)
2026-07-17 19:34:47,364 [INFO] 読み込み完了: 売上伝票一覧_202409.xlsx (481行)
2026-07-17 19:34:48,650 [INFO] 読み込み完了: 売上伝票一覧_202410.xlsx (479行)
2026-07-17 19:34:50,014 [INFO] 読み込み完了: 売上伝票一覧_202411.xlsx (507行)
2026-07-17 19:34:51,493 [INFO] 読み込み完了: 売上伝票一覧_202412.xlsx (586行)
2026-07-17 19:34:52,696 [INFO] 読み込み完了: 売上伝票一覧_202501.xlsx (480行)
2026-07-17 19:34:53,815 [INFO] 読み込み完了: 売上伝票一覧_202502.xlsx (449行)
2026-07-17 19:34:55,376 [INFO] 読み込み完了: 売上伝票一覧_202503.xlsx (592行)
2026-07-17 19:34:56,664 [INFO] 読み込み完了: 売上伝票一覧_202504.xlsx (479行)
2026-07-17 19:34:58,077 [INFO] 読み込み完了: 売上伝票一覧_202505.xlsx (527行)
2026-07-17 19:34:59,522 [INFO] 読み込み完了: 売上伝票一覧_202506.xlsx (540行)
2026-07-17 19:35:01,003 [INFO] 読み込み完了: 売上伝票一覧_202507.xlsx (553行)
2026-07-17 19:35:02,364 [INFO] 読み込み完了: 売上伝票一覧_202508.xlsx (538行)
2026-07-17 19:35:03,668 [INFO] 読み込み完了: 売上伝票一覧_202509.xlsx (519行)
2026-07-17 19:35:05,081 [INFO] 読み込み完了: 売上伝票一覧_202510.xlsx (568行)
2026-07-17 19:35:06,659 [INFO] 読み込み完了: 売上伝票一覧_202511.xlsx (589行)
2026-07-17 19:35:08,453 [INFO] 読み込み完了: 売上伝票一覧_202512.xlsx (672行)
2026-07-17 19:35:09,944 [INFO] 読み込み完了: 売上伝票一覧_202601.xlsx (553行)
2026-07-17 19:35:11,470 [INFO] 読み込み完了: 売上伝票一覧_202602.xlsx (570行)
2026-07-17 19:35:13,147 [INFO] 読み込み完了: 売上伝票一覧_202603.xlsx (674行)
2026-07-17 19:35:14,726 [INFO] 読み込み完了: 売上伝票一覧_202604.xlsx (641行)
2026-07-17 19:35:16,480 [INFO] 読み込み完了: 売上伝票一覧_202605.xlsx (670行)
2026-07-17 19:35:18,096 [INFO] 読み込み完了: 売上伝票一覧_202606.xlsx (607行)
2026-07-17 19:35:21,456 [INFO] 一時テーブルへのロード完了: 34866行
2026-07-17 19:35:51,146 [INFO] MERGE完了
2026-07-17 19:35:51,278 [INFO] === TIARA 桜木町 完了 ===
